Archive member included to satisfy reference by file (symbol)

/usr/bin/../lib/gcc/arm-none-eabi/6.2.1/thumb/v6-m/libgcc.a(_udivsi3.o)
                              /tmp/ccgArmPV.o (__aeabi_uidiv)
/usr/bin/../lib/gcc/arm-none-eabi/6.2.1/thumb/v6-m/libgcc.a(_dvmd_tls.o)
                              /usr/bin/../lib/gcc/arm-none-eabi/6.2.1/thumb/v6-m/libgcc.a(_udivsi3.o) (__aeabi_idiv0)
/usr/bin/../lib/gcc/arm-none-eabi/6.2.1/thumb/v6-m/libgcc.a(adddf3.o)
                              /tmp/ccXyJNQC.o (__aeabi_dadd)
/usr/bin/../lib/gcc/arm-none-eabi/6.2.1/thumb/v6-m/libgcc.a(extendsfdf2.o)
                              /tmp/ccXyJNQC.o (__aeabi_f2d)
/usr/bin/../lib/gcc/arm-none-eabi/6.2.1/thumb/v6-m/libgcc.a(truncdfsf2.o)
                              /tmp/ccXyJNQC.o (__aeabi_d2f)
/usr/bin/../lib/gcc/arm-none-eabi/6.2.1/thumb/v6-m/libgcc.a(_clzsi2.o)
                              /usr/bin/../lib/gcc/arm-none-eabi/6.2.1/thumb/v6-m/libgcc.a(adddf3.o) (__clzsi2)
/usr/bin/../lib/gcc/arm-none-eabi/6.2.1/../../../../arm-none-eabi/lib/thumb/v6-m/libg_nano.a(lib_a-exit.o)
                              /usr/bin/../lib/gcc/arm-none-eabi/6.2.1/../../../../arm-none-eabi/lib/thumb/v6-m/crt0.o (exit)
/usr/bin/../lib/gcc/arm-none-eabi/6.2.1/../../../../arm-none-eabi/lib/thumb/v6-m/libg_nano.a(lib_a-impure.o)
                              /usr/bin/../lib/gcc/arm-none-eabi/6.2.1/../../../../arm-none-eabi/lib/thumb/v6-m/libg_nano.a(lib_a-exit.o) (_global_impure_ptr)
/usr/bin/../lib/gcc/arm-none-eabi/6.2.1/../../../../arm-none-eabi/lib/thumb/v6-m/libg_nano.a(lib_a-init.o)
                              /usr/bin/../lib/gcc/arm-none-eabi/6.2.1/../../../../arm-none-eabi/lib/thumb/v6-m/crt0.o (__libc_init_array)
/usr/bin/../lib/gcc/arm-none-eabi/6.2.1/../../../../arm-none-eabi/lib/thumb/v6-m/libg_nano.a(lib_a-malloc.o)
                              /tmp/ccB4p3r0.o (malloc)
/usr/bin/../lib/gcc/arm-none-eabi/6.2.1/../../../../arm-none-eabi/lib/thumb/v6-m/libg_nano.a(lib_a-memset.o)
                              /usr/bin/../lib/gcc/arm-none-eabi/6.2.1/../../../../arm-none-eabi/lib/thumb/v6-m/crt0.o (memset)
/usr/bin/../lib/gcc/arm-none-eabi/6.2.1/../../../../arm-none-eabi/lib/thumb/v6-m/libg_nano.a(lib_a-nano-freer.o)
                              /usr/bin/../lib/gcc/arm-none-eabi/6.2.1/../../../../arm-none-eabi/lib/thumb/v6-m/libg_nano.a(lib_a-malloc.o) (_free_r)
/usr/bin/../lib/gcc/arm-none-eabi/6.2.1/../../../../arm-none-eabi/lib/thumb/v6-m/libg_nano.a(lib_a-nano-mallocr.o)
                              /usr/bin/../lib/gcc/arm-none-eabi/6.2.1/../../../../arm-none-eabi/lib/thumb/v6-m/libg_nano.a(lib_a-malloc.o) (_malloc_r)
/usr/bin/../lib/gcc/arm-none-eabi/6.2.1/../../../../arm-none-eabi/lib/thumb/v6-m/libg_nano.a(lib_a-sbrkr.o)
                              /usr/bin/../lib/gcc/arm-none-eabi/6.2.1/../../../../arm-none-eabi/lib/thumb/v6-m/libg_nano.a(lib_a-nano-mallocr.o) (_sbrk_r)
/usr/bin/../lib/gcc/arm-none-eabi/6.2.1/../../../../arm-none-eabi/lib/thumb/v6-m/libg_nano.a(lib_a-mlock.o)
                              /usr/bin/../lib/gcc/arm-none-eabi/6.2.1/../../../../arm-none-eabi/lib/thumb/v6-m/libg_nano.a(lib_a-nano-freer.o) (__malloc_lock)
/usr/bin/../lib/gcc/arm-none-eabi/6.2.1/../../../../arm-none-eabi/lib/thumb/v6-m/libg_nano.a(lib_a-reent.o)
                              /usr/bin/../lib/gcc/arm-none-eabi/6.2.1/../../../../arm-none-eabi/lib/thumb/v6-m/libg_nano.a(lib_a-sbrkr.o) (errno)
/usr/bin/../lib/gcc/arm-none-eabi/6.2.1/../../../../arm-none-eabi/lib/thumb/v6-m/libnosys.a(sbrk.o)
                              /usr/bin/../lib/gcc/arm-none-eabi/6.2.1/../../../../arm-none-eabi/lib/thumb/v6-m/libg_nano.a(lib_a-sbrkr.o) (_sbrk)
/usr/bin/../lib/gcc/arm-none-eabi/6.2.1/../../../../arm-none-eabi/lib/thumb/v6-m/libnosys.a(_exit.o)
                              /usr/bin/../lib/gcc/arm-none-eabi/6.2.1/../../../../arm-none-eabi/lib/thumb/v6-m/libg_nano.a(lib_a-exit.o) (_exit)

Allocating common symbols
Common symbol       size              file

errno               0x4               /usr/bin/../lib/gcc/arm-none-eabi/6.2.1/../../../../arm-none-eabi/lib/thumb/v6-m/libg_nano.a(lib_a-reent.o)

Discarded input sections

 .text          0x0000000000000000        0x0 /usr/bin/../lib/gcc/arm-none-eabi/6.2.1/thumb/v6-m/crti.o
 .data          0x0000000000000000        0x0 /usr/bin/../lib/gcc/arm-none-eabi/6.2.1/thumb/v6-m/crti.o
 .bss           0x0000000000000000        0x0 /usr/bin/../lib/gcc/arm-none-eabi/6.2.1/thumb/v6-m/crti.o
 .data          0x0000000000000000        0x4 /usr/bin/../lib/gcc/arm-none-eabi/6.2.1/thumb/v6-m/crtbegin.o
 .text          0x0000000000000000       0x78 /usr/bin/../lib/gcc/arm-none-eabi/6.2.1/../../../../arm-none-eabi/lib/thumb/v6-m/crt0.o
 .data          0x0000000000000000        0x0 /usr/bin/../lib/gcc/arm-none-eabi/6.2.1/../../../../arm-none-eabi/lib/thumb/v6-m/crt0.o
 .bss           0x0000000000000000        0x0 /usr/bin/../lib/gcc/arm-none-eabi/6.2.1/../../../../arm-none-eabi/lib/thumb/v6-m/crt0.o
[...]
Memory Configuration

Name             Origin             Length             Attributes
FLASH            0x0000000008000000 0x0000000000010000 xr
RAM              0x0000000020000000 0x0000000000002000 xrw
*default*        0x0000000000000000 0xffffffffffffffff

Linker script and memory map

LOAD /usr/bin/../lib/gcc/arm-none-eabi/6.2.1/thumb/v6-m/crti.o
LOAD /usr/bin/../lib/gcc/arm-none-eabi/6.2.1/thumb/v6-m/crtbegin.o
LOAD /usr/bin/../lib/gcc/arm-none-eabi/6.2.1/../../../../arm-none-eabi/lib/thumb/v6-m/crt0.o
LOAD /tmp/ccXyJNQC.o
LOAD /tmp/ccSk0ROw.o
LOAD /tmp/cc6ureVq.o
LOAD /tmp/cctHtnhl.o
LOAD /tmp/ccJaD3Mf.o
LOAD /tmp/ccKet7ra.o
LOAD /tmp/ccmKY1n5.o
LOAD /tmp/ccB4p3r0.o
LOAD /tmp/ccgArmPV.o
LOAD /tmp/ccIXSMsR.o
LOAD /tmp/ccljYphN.o
LOAD /tmp/ccRgv9lJ.o
LOAD /tmp/cc3gMlDF.o
LOAD /tmp/ccxkbU9B.o
LOAD /tmp/ccnJGWWy.o
LOAD /tmp/ccA2PfTv.o
LOAD /tmp/cctPs70s.o
LOAD /tmp/ccCROmhq.o
LOAD /tmp/ccZVFEJn.o
LOAD /tmp/ccbSuipl.o
LOAD /tmp/ccAsYHjj.o
LOAD /tmp/ccrpKQwh.o
LOAD /tmp/cchVkHVf.o
LOAD /tmp/ccFP2Kte.o
LOAD /tmp/ccWDVKed.o
LOAD /tmp/ccZPDM8b.o
LOAD /tmp/cc16edab.o
LOAD /tmp/ccACMwla.o
LOAD /tmp/ccECjKR9.o
LOAD /tmp/cc8Ky9A9.o
LOAD /tmp/ccPz1vG9.o
LOAD /tmp/ccb3EKX9.o
START GROUP
LOAD /usr/bin/../lib/gcc/arm-none-eabi/6.2.1/thumb/v6-m/libgcc.a
LOAD /usr/bin/../lib/gcc/arm-none-eabi/6.2.1/../../../../arm-none-eabi/lib/thumb/v6-m/libg_nano.a
LOAD /usr/bin/../lib/gcc/arm-none-eabi/6.2.1/../../../../arm-none-eabi/lib/thumb/v6-m/libc_nano.a
END GROUP
START GROUP
LOAD /usr/bin/../lib/gcc/arm-none-eabi/6.2.1/thumb/v6-m/libgcc.a
LOAD /usr/bin/../lib/gcc/arm-none-eabi/6.2.1/../../../../arm-none-eabi/lib/thumb/v6-m/libc_nano.a
LOAD /usr/bin/../lib/gcc/arm-none-eabi/6.2.1/../../../../arm-none-eabi/lib/thumb/v6-m/libnosys.a
END GROUP
START GROUP
LOAD /usr/bin/../lib/gcc/arm-none-eabi/6.2.1/thumb/v6-m/libgcc.a
LOAD /usr/bin/../lib/gcc/arm-none-eabi/6.2.1/../../../../arm-none-eabi/lib/thumb/v6-m/libc_nano.a
LOAD /usr/bin/../lib/gcc/arm-none-eabi/6.2.1/../../../../arm-none-eabi/lib/thumb/v6-m/libnosys.a
END GROUP
LOAD /usr/bin/../lib/gcc/arm-none-eabi/6.2.1/thumb/v6-m/crtend.o
LOAD /usr/bin/../lib/gcc/arm-none-eabi/6.2.1/thumb/v6-m/crtn.o
                0x0000000020002000                _estack = 0x20002000
                0x0000000000000200                _Min_Heap_Size = 0x200
                0x0000000000000400                _Min_Stack_Size = 0x400

.isr_vector     0x0000000008000000       0xc0
                0x0000000008000000                . = ALIGN (0x4)
 *(.isr_vector)
 .isr_vector    0x0000000008000000       0xc0 /tmp/ccSk0ROw.o
                0x0000000008000000                g_pfnVectors
                0x00000000080000c0                . = ALIGN (0x4)

.text           0x00000000080000c0     0x2188
                0x00000000080000c0                . = ALIGN (0x4)
 *(.text)
 .text          0x00000000080000c0       0x60 /usr/bin/../lib/gcc/arm-none-eabi/6.2.1/thumb/v6-m/crtbegin.o
 .text          0x0000000008000120      0x114 /usr/bin/../lib/gcc/arm-none-eabi/6.2.1/thumb/v6-m/libgcc.a(_udivsi3.o)
                0x0000000008000120                __udivsi3
                0x0000000008000120                __aeabi_uidiv
                0x000000000800022c                __aeabi_uidivmod
 .text          0x0000000008000234        0x4 /usr/bin/../lib/gcc/arm-none-eabi/6.2.1/thumb/v6-m/libgcc.a(_dvmd_tls.o)
                0x0000000008000234                __aeabi_ldiv0
                0x0000000008000234                __aeabi_idiv0
 .text          0x0000000008000238      0x620 /usr/bin/../lib/gcc/arm-none-eabi/6.2.1/thumb/v6-m/libgcc.a(adddf3.o)
                0x0000000008000238                __aeabi_dadd
 .text          0x0000000008000858       0xa4 /usr/bin/../lib/gcc/arm-none-eabi/6.2.1/thumb/v6-m/libgcc.a(extendsfdf2.o)
                0x0000000008000858                __aeabi_f2d
 .text          0x00000000080008fc      0x114 /usr/bin/../lib/gcc/arm-none-eabi/6.2.1/thumb/v6-m/libgcc.a(truncdfsf2.o)
                0x00000000080008fc                __aeabi_d2f
 .text          0x0000000008000a10       0x3c /usr/bin/../lib/gcc/arm-none-eabi/6.2.1/thumb/v6-m/libgcc.a(_clzsi2.o)
                0x0000000008000a10                __clzsi2
 *(.text*)
 .text.main     0x0000000008000a4c       0x80 /tmp/ccXyJNQC.o
                0x0000000008000a4c                main
 .text.USART1_IRQHandler
                0x0000000008000acc       0x64 /tmp/ccXyJNQC.o
                0x0000000008000acc                USART1_IRQHandler
 .text.sp_tx_send
                0x0000000008000b30       0x50 /tmp/ccXyJNQC.o
                0x0000000008000b30                sp_tx_send
 .text.sp_handler
                0x0000000008000b80       0x34 /tmp/ccXyJNQC.o
                0x0000000008000b80                sp_handler
 .text.sp_error
                0x0000000008000bb4       0x20 /tmp/ccXyJNQC.o
                0x0000000008000bb4                sp_error
 .text.Reset_Handler
                0x0000000008000bd4       0x50 /tmp/ccSk0ROw.o
                0x0000000008000bd4                Reset_Handler
 .text.Default_Handler
                0x0000000008000c24        0x2 /tmp/ccSk0ROw.o
                0x0000000008000c24                TIM1_CC_IRQHandler
                0x0000000008000c24                TSC_IRQHandler
                0x0000000008000c24                ADC1_COMP_IRQHandler
                0x0000000008000c24                PVD_IRQHandler
                0x0000000008000c24                I2C1_IRQHandler
                0x0000000008000c24                RCC_CRS_IRQHandler
                0x0000000008000c24                SPI1_IRQHandler
                0x0000000008000c24                TIM6_DAC_IRQHandler
                0x0000000008000c24                EXTI2_3_IRQHandler
                0x0000000008000c24                I2C2_IRQHandler
                0x0000000008000c24                TIM17_IRQHandler
                0x0000000008000c24                CEC_CAN_IRQHandler
                0x0000000008000c24                RTC_IRQHandler
                0x0000000008000c24                TIM16_IRQHandler
                0x0000000008000c24                TIM3_IRQHandler
                0x0000000008000c24                EXTI4_15_IRQHandler
                0x0000000008000c24                DMA1_Channel1_IRQHandler
                0x0000000008000c24                Default_Handler
                0x0000000008000c24                TIM14_IRQHandler
                0x0000000008000c24                DMA1_Channel4_5_IRQHandler
                0x0000000008000c24                TIM15_IRQHandler
                0x0000000008000c24                EXTI0_1_IRQHandler
                0x0000000008000c24                SPI2_IRQHandler
                0x0000000008000c24                WWDG_IRQHandler
                0x0000000008000c24                TIM2_IRQHandler
                0x0000000008000c24                DMA1_Channel2_3_IRQHandler
                0x0000000008000c24                USART2_IRQHandler
                0x0000000008000c24                FLASH_IRQHandler
                0x0000000008000c24                TIM1_BRK_UP_TRG_COM_IRQHandler
 *fill*         0x0000000008000c26        0x2 
 .text.usart1_init
                0x0000000008000c28       0xc8 /tmp/cc6ureVq.o
                0x0000000008000c28                usart1_init
 .text.usart1_put
                0x0000000008000cf0       0x38 /tmp/cc6ureVq.o
                0x0000000008000cf0                usart1_put
 .text.board_led_init
                0x0000000008000d28       0x3c /tmp/cctHtnhl.o
                0x0000000008000d28                board_led_init
 .text.NMI_Handler
                0x0000000008000d64        0xa /tmp/ccJaD3Mf.o
                0x0000000008000d64                NMI_Handler
 .text.HardFault_Handler
                0x0000000008000d6e        0x6 /tmp/ccJaD3Mf.o
                0x0000000008000d6e                HardFault_Handler
 .text.SVC_Handler
                0x0000000008000d74        0xa /tmp/ccJaD3Mf.o
                0x0000000008000d74                SVC_Handler
 .text.PendSV_Handler
                0x0000000008000d7e        0xa /tmp/ccJaD3Mf.o
                0x0000000008000d7e                PendSV_Handler
 .text.SysTick_Handler
                0x0000000008000d88        0xa /tmp/ccJaD3Mf.o
                0x0000000008000d88                SysTick_Handler
 *fill*         0x0000000008000d92        0x2 
 .text.sp_init  0x0000000008000d94       0x60 /tmp/ccKet7ra.o
                0x0000000008000d94                sp_init
 .text.put_tx   0x0000000008000df4       0x60 /tmp/ccKet7ra.o
 .text.sp_encode
                0x0000000008000e54      0x134 /tmp/ccKet7ra.o
                0x0000000008000e54                sp_encode
 .text.process_rx
                0x0000000008000f88      0x110 /tmp/ccKet7ra.o
 .text.put_rx   0x0000000008001098       0x54 /tmp/ccKet7ra.o
 .text.sp_decode
                0x00000000080010ec       0xd0 /tmp/ccKet7ra.o
                0x00000000080010ec                sp_decode
 .text.sp_frx_put
                0x00000000080011bc       0x34 /tmp/ccKet7ra.o
                0x00000000080011bc                sp_frx_put
 .text.delay_init
                0x00000000080011f0       0x68 /tmp/ccmKY1n5.o
                0x00000000080011f0                delay_init
 .text.delay    0x0000000008001258       0x54 /tmp/ccmKY1n5.o
                0x0000000008001258                delay
 .text.init_fifo
                0x00000000080012ac       0x50 /tmp/ccB4p3r0.o
                0x00000000080012ac                init_fifo
 .text.write_fifo
                0x00000000080012fc       0x54 /tmp/ccB4p3r0.o
                0x00000000080012fc                write_fifo
 .text.read_fifo
                0x0000000008001350       0x56 /tmp/ccB4p3r0.o
                0x0000000008001350                read_fifo
 .text.is_fifo_full
                0x00000000080013a6       0x74 /tmp/ccB4p3r0.o
                0x00000000080013a6                is_fifo_full
 *fill*         0x000000000800141a        0x2 
 .text.SystemInit
                0x000000000800141c       0x8c /tmp/ccgArmPV.o
                0x000000000800141c                SystemInit
 .text.SetSysClock
                0x00000000080014a8       0x88 /tmp/ccgArmPV.o
 .text.NVIC_Init
                0x0000000008001530       0xac /tmp/ccIXSMsR.o
                0x0000000008001530                NVIC_Init
 .text.RCC_GetClocksFreq
                0x00000000080015dc      0x2e0 /tmp/ccZVFEJn.o
                0x00000000080015dc                RCC_GetClocksFreq
 .text.RCC_AHBPeriphClockCmd
                0x00000000080018bc       0x40 /tmp/ccZVFEJn.o
                0x00000000080018bc                RCC_AHBPeriphClockCmd
 .text.RCC_APB2PeriphClockCmd
                0x00000000080018fc       0x40 /tmp/ccZVFEJn.o
                0x00000000080018fc                RCC_APB2PeriphClockCmd
 .text.RCC_APB1PeriphClockCmd
                0x000000000800193c       0x40 /tmp/ccZVFEJn.o
                0x000000000800193c                RCC_APB1PeriphClockCmd
 .text.USART_Init
                0x000000000800197c      0x18c /tmp/ccWDVKed.o
                0x000000000800197c                USART_Init
 .text.USART_StructInit
                0x0000000008001b08       0x36 /tmp/ccWDVKed.o
                0x0000000008001b08                USART_StructInit
 .text.USART_Cmd
                0x0000000008001b3e       0x3a /tmp/ccWDVKed.o
                0x0000000008001b3e                USART_Cmd
 .text.USART_SendData
                0x0000000008001b78       0x24 /tmp/ccWDVKed.o
                0x0000000008001b78                USART_SendData
 .text.USART_ReceiveData
                0x0000000008001b9c       0x1c /tmp/ccWDVKed.o
                0x0000000008001b9c                USART_ReceiveData
 .text.USART_ITConfig
                0x0000000008001bb8       0x84 /tmp/ccWDVKed.o
                0x0000000008001bb8                USART_ITConfig
 .text.USART_GetFlagStatus
                0x0000000008001c3c       0x3c /tmp/ccWDVKed.o
                0x0000000008001c3c                USART_GetFlagStatus
 .text.USART_GetITStatus
                0x0000000008001c78       0xae /tmp/ccWDVKed.o
                0x0000000008001c78                USART_GetITStatus
 .text.USART_ClearITPendingBit
                0x0000000008001d26       0x30 /tmp/ccWDVKed.o
                0x0000000008001d26                USART_ClearITPendingBit
 *fill*         0x0000000008001d56        0x2 
 .text.TIM_TimeBaseInit
                0x0000000008001d58       0xf0 /tmp/ccECjKR9.o
                0x0000000008001d58                TIM_TimeBaseInit
 .text.TIM_SetAutoreload
                0x0000000008001e48       0x18 /tmp/ccECjKR9.o
                0x0000000008001e48                TIM_SetAutoreload
 .text.TIM_Cmd  0x0000000008001e60       0x40 /tmp/ccECjKR9.o
                0x0000000008001e60                TIM_Cmd
 .text.TIM_GetFlagStatus
                0x0000000008001ea0       0x48 /tmp/ccECjKR9.o
                0x0000000008001ea0                TIM_GetFlagStatus
 .text.TIM_ClearFlag
                0x0000000008001ee8       0x22 /tmp/ccECjKR9.o
                0x0000000008001ee8                TIM_ClearFlag
 .text.GPIO_Init
                0x0000000008001f0a      0x126 /tmp/ccPz1vG9.o
                0x0000000008001f0a                GPIO_Init
 .text.GPIO_PinAFConfig
                0x0000000008002030       0xa4 /tmp/ccPz1vG9.o
                0x0000000008002030                GPIO_PinAFConfig
 .text.__libc_init_array
                0x00000000080020d4       0x48 /usr/bin/../lib/gcc/arm-none-eabi/6.2.1/../../../../arm-none-eabi/lib/thumb/v6-m/libg_nano.a(lib_a-init.o)
                0x00000000080020d4                __libc_init_array
 .text.malloc   0x000000000800211c       0x14 /usr/bin/../lib/gcc/arm-none-eabi/6.2.1/../../../../arm-none-eabi/lib/thumb/v6-m/libg_nano.a(lib_a-malloc.o)
                0x000000000800211c                malloc
 .text._malloc_r
                0x0000000008002130       0xbc /usr/bin/../lib/gcc/arm-none-eabi/6.2.1/../../../../arm-none-eabi/lib/thumb/v6-m/libg_nano.a(lib_a-nano-mallocr.o)
                0x0000000008002130                _malloc_r
 .text._sbrk_r  0x00000000080021ec       0x24 /usr/bin/../lib/gcc/arm-none-eabi/6.2.1/../../../../arm-none-eabi/lib/thumb/v6-m/libg_nano.a(lib_a-sbrkr.o)
                0x00000000080021ec                _sbrk_r
 .text.__malloc_lock
                0x0000000008002210        0x2 /usr/bin/../lib/gcc/arm-none-eabi/6.2.1/../../../../arm-none-eabi/lib/thumb/v6-m/libg_nano.a(lib_a-mlock.o)
                0x0000000008002210                __malloc_lock
 .text.__malloc_unlock
                0x0000000008002212        0x2 /usr/bin/../lib/gcc/arm-none-eabi/6.2.1/../../../../arm-none-eabi/lib/thumb/v6-m/libg_nano.a(lib_a-mlock.o)
                0x0000000008002212                __malloc_unlock
 .text._sbrk    0x0000000008002214       0x1c /usr/bin/../lib/gcc/arm-none-eabi/6.2.1/../../../../arm-none-eabi/lib/thumb/v6-m/libnosys.a(sbrk.o)
                0x0000000008002214                _sbrk
 *(.glue_7)
 .glue_7        0x0000000008002230        0x0 linker stubs
 *(.glue_7t)
 .glue_7t       0x0000000008002230        0x0 linker stubs
 *(.eh_frame)
 .eh_frame      0x0000000008002230        0x0 /usr/bin/../lib/gcc/arm-none-eabi/6.2.1/thumb/v6-m/crtbegin.o
 *(.init)
 .init          0x0000000008002230        0x4 /usr/bin/../lib/gcc/arm-none-eabi/6.2.1/thumb/v6-m/crti.o
                0x0000000008002230                _init
 .init          0x0000000008002234        0x8 /usr/bin/../lib/gcc/arm-none-eabi/6.2.1/thumb/v6-m/crtn.o
 *(.fini)
 .fini          0x000000000800223c        0x4 /usr/bin/../lib/gcc/arm-none-eabi/6.2.1/thumb/v6-m/crti.o
                0x000000000800223c                _fini
 .fini          0x0000000008002240        0x8 /usr/bin/../lib/gcc/arm-none-eabi/6.2.1/thumb/v6-m/crtn.o
                0x0000000008002248                . = ALIGN (0x4)
                0x0000000008002248                _etext = .

.vfp11_veneer   0x0000000008002248        0x0
 .vfp11_veneer  0x0000000008002248        0x0 linker stubs

.v4_bx          0x0000000008002248        0x0
 .v4_bx         0x0000000008002248        0x0 linker stubs

.iplt           0x0000000008002248        0x0
 .iplt          0x0000000008002248        0x0 /usr/bin/../lib/gcc/arm-none-eabi/6.2.1/thumb/v6-m/crtbegin.o

.rel.dyn        0x0000000008002248        0x0
 .rel.iplt      0x0000000008002248        0x0 /usr/bin/../lib/gcc/arm-none-eabi/6.2.1/thumb/v6-m/crtbegin.o

.rodata         0x0000000008002248        0x0
                0x0000000008002248                . = ALIGN (0x4)
 *(.rodata)
 *(.rodata*)
                0x0000000008002248                . = ALIGN (0x4)

.ARM.extab
 *(.ARM.extab* .gnu.linkonce.armextab.*)

.ARM            0x0000000008002248        0x0
                0x0000000008002248                __exidx_start = .
 *(.ARM.exidx*)
                0x0000000008002248                __exidx_end = .

.preinit_array  0x0000000008002248        0x0
                0x0000000008002248                PROVIDE (__preinit_array_start, .)
 *(.preinit_array*)
                0x0000000008002248                PROVIDE (__preinit_array_end, .)

.init_array     0x0000000008002248        0x4
                0x0000000008002248                PROVIDE (__init_array_start, .)
 *(SORT(.init_array.*))
 *(.init_array*)
 .init_array    0x0000000008002248        0x4 /usr/bin/../lib/gcc/arm-none-eabi/6.2.1/thumb/v6-m/crtbegin.o
                0x000000000800224c                PROVIDE (__init_array_end, .)

.fini_array     0x000000000800224c        0x4
                [!provide]                        PROVIDE (__fini_array_start, .)
 *(SORT(.fini_array.*))
 *(.fini_array*)
 .fini_array    0x000000000800224c        0x4 /usr/bin/../lib/gcc/arm-none-eabi/6.2.1/thumb/v6-m/crtbegin.o
                [!provide]                        PROVIDE (__fini_array_end, .)
                0x0000000008002250                _sidata = LOADADDR (.data)

.data           0x0000000020000000       0x74 load address 0x0000000008002250
                0x0000000020000000                . = ALIGN (0x4)
                0x0000000020000000                _sdata = .
 *(.data)
 *(.data*)
 .data.APBAHBPrescTable
                0x0000000020000000       0x10 /tmp/ccZVFEJn.o
 .data._impure_ptr
                0x0000000020000010        0x4 /usr/bin/../lib/gcc/arm-none-eabi/6.2.1/../../../../arm-none-eabi/lib/thumb/v6-m/libg_nano.a(lib_a-impure.o)
                0x0000000020000010                _impure_ptr
 .data.impure_data
                0x0000000020000014       0x60 /usr/bin/../lib/gcc/arm-none-eabi/6.2.1/../../../../arm-none-eabi/lib/thumb/v6-m/libg_nano.a(lib_a-impure.o)
                0x0000000020000074                . = ALIGN (0x4)
                0x0000000020000074                _edata = .

.jcr            0x0000000020000074        0x0 load address 0x00000000080022c4
 .jcr           0x0000000020000074        0x0 /usr/bin/../lib/gcc/arm-none-eabi/6.2.1/thumb/v6-m/crtbegin.o

.igot.plt       0x0000000020000074        0x0 load address 0x00000000080022c4
 .igot.plt      0x0000000020000074        0x0 /usr/bin/../lib/gcc/arm-none-eabi/6.2.1/thumb/v6-m/crtbegin.o
                0x0000000020000074                . = ALIGN (0x4)

.bss            0x0000000020000078       0x80 load address 0x00000000080022c4
                0x0000000020000078                _sbss = .
                0x0000000020000078                __bss_start__ = _sbss
 *(.bss)
 .bss           0x0000000020000078       0x1c /usr/bin/../lib/gcc/arm-none-eabi/6.2.1/thumb/v6-m/crtbegin.o
 *(.bss*)
 .bss.f         0x0000000020000094        0x4 /tmp/ccXyJNQC.o
                0x0000000020000094                f
 .bss.sp_reg    0x0000000020000098        0x1 /tmp/ccKet7ra.o
                0x0000000020000098                sp_reg
 .bss.txi       0x0000000020000099        0x1 /tmp/ccKet7ra.o
 *fill*         0x000000002000009a        0x2 
 .bss.tx        0x000000002000009c       0x1c /tmp/ccKet7ra.o
 .bss.rx        0x00000000200000b8        0xc /tmp/ccKet7ra.o
 .bss.rxi       0x00000000200000c4        0x1 /tmp/ccKet7ra.o
 *fill*         0x00000000200000c5        0x3 
 .bss.pfrx      0x00000000200000c8        0x4 /tmp/ccKet7ra.o
 *fill*         0x00000000200000cc        0x4 
 .bss.dword_bfr
                0x00000000200000d0        0x8 /tmp/ccKet7ra.o
 .bss.dword_ptr
                0x00000000200000d8        0x4 /tmp/ccKet7ra.o
 .bss.esc_flag  0x00000000200000dc        0x1 /tmp/ccKet7ra.o
                0x00000000200000dc                esc_flag
 *fill*         0x00000000200000dd        0x3 
 .bss.frx.4538  0x00000000200000e0        0x8 /tmp/ccKet7ra.o
 .bss.__malloc_free_list
                0x00000000200000e8        0x4 /usr/bin/../lib/gcc/arm-none-eabi/6.2.1/../../../../arm-none-eabi/lib/thumb/v6-m/libg_nano.a(lib_a-nano-mallocr.o)
                0x00000000200000e8                __malloc_free_list
 .bss.__malloc_sbrk_start
                0x00000000200000ec        0x4 /usr/bin/../lib/gcc/arm-none-eabi/6.2.1/../../../../arm-none-eabi/lib/thumb/v6-m/libg_nano.a(lib_a-nano-mallocr.o)
                0x00000000200000ec                __malloc_sbrk_start
 .bss.heap_end.4116
                0x00000000200000f0        0x4 /usr/bin/../lib/gcc/arm-none-eabi/6.2.1/../../../../arm-none-eabi/lib/thumb/v6-m/libnosys.a(sbrk.o)
 *(COMMON)
 COMMON         0x00000000200000f4        0x4 /usr/bin/../lib/gcc/arm-none-eabi/6.2.1/../../../../arm-none-eabi/lib/thumb/v6-m/libg_nano.a(lib_a-reent.o)
                0x00000000200000f4                errno
                0x00000000200000f8                . = ALIGN (0x4)
                0x00000000200000f8                _ebss = .
                0x00000000200000f8                __bss_end__ = _ebss

._user_heap_stack
                0x00000000200000f8      0x600 load address 0x00000000080022c4
                0x00000000200000f8                . = ALIGN (0x8)
                0x00000000200000f8                PROVIDE (end, .)
                [!provide]                        PROVIDE (_end, .)
                0x00000000200002f8                . = (. + _Min_Heap_Size)
 *fill*         0x00000000200000f8      0x200 
                0x00000000200006f8                . = (. + _Min_Stack_Size)
 *fill*         0x00000000200002f8      0x400 
                0x00000000200006f8                . = ALIGN (0x8)

/DISCARD/
 libc.a(*)
 libm.a(*)
 libgcc.a(*)

.ARM.attributes
                0x0000000000000000       0x28
 *(.ARM.attributes)
 .ARM.attributes
                0x0000000000000000       0x1e /usr/bin/../lib/gcc/arm-none-eabi/6.2.1/thumb/v6-m/crti.o
 .ARM.attributes
                0x000000000000001e       0x2c /usr/bin/../lib/gcc/arm-none-eabi/6.2.1/thumb/v6-m/crtbegin.o
 .ARM.attributes
                0x000000000000004a       0x31 /tmp/ccXyJNQC.o
 .ARM.attributes
                0x000000000000007b       0x21 /tmp/ccSk0ROw.o
 .ARM.attributes
                0x000000000000009c       0x31 /tmp/cc6ureVq.o
 .ARM.attributes
                0x00000000000000cd       0x31 /tmp/cctHtnhl.o
 .ARM.attributes
                0x00000000000000fe       0x31 /tmp/ccJaD3Mf.o
 .ARM.attributes
                0x000000000000012f       0x31 /tmp/ccKet7ra.o
 .ARM.attributes
                0x0000000000000160       0x31 /tmp/ccmKY1n5.o
 .ARM.attributes
                0x0000000000000191       0x31 /tmp/ccB4p3r0.o
 .ARM.attributes
                0x00000000000001c2       0x31 /tmp/ccgArmPV.o
 .ARM.attributes
                0x00000000000001f3       0x31 /tmp/ccIXSMsR.o
 .ARM.attributes
                0x0000000000000224       0x31 /tmp/ccZVFEJn.o
 .ARM.attributes
                0x0000000000000255       0x31 /tmp/ccWDVKed.o
 .ARM.attributes
                0x0000000000000286       0x31 /tmp/ccECjKR9.o
 .ARM.attributes
                0x00000000000002b7       0x31 /tmp/ccPz1vG9.o
 .ARM.attributes
                0x00000000000002e8       0x1e /usr/bin/../lib/gcc/arm-none-eabi/6.2.1/thumb/v6-m/libgcc.a(_udivsi3.o)
 .ARM.attributes
                0x0000000000000306       0x1e /usr/bin/../lib/gcc/arm-none-eabi/6.2.1/thumb/v6-m/libgcc.a(_dvmd_tls.o)
 .ARM.attributes
                0x0000000000000324       0x2c /usr/bin/../lib/gcc/arm-none-eabi/6.2.1/thumb/v6-m/libgcc.a(adddf3.o)
 .ARM.attributes
                0x0000000000000350       0x2c /usr/bin/../lib/gcc/arm-none-eabi/6.2.1/thumb/v6-m/libgcc.a(extendsfdf2.o)
 .ARM.attributes
                0x000000000000037c       0x2c /usr/bin/../lib/gcc/arm-none-eabi/6.2.1/thumb/v6-m/libgcc.a(truncdfsf2.o)
 .ARM.attributes
                0x00000000000003a8       0x1e /usr/bin/../lib/gcc/arm-none-eabi/6.2.1/thumb/v6-m/libgcc.a(_clzsi2.o)
 .ARM.attributes
                0x00000000000003c6       0x2c /usr/bin/../lib/gcc/arm-none-eabi/6.2.1/../../../../arm-none-eabi/lib/thumb/v6-m/libg_nano.a(lib_a-impure.o)
 .ARM.attributes
                0x00000000000003f2       0x2c /usr/bin/../lib/gcc/arm-none-eabi/6.2.1/../../../../arm-none-eabi/lib/thumb/v6-m/libg_nano.a(lib_a-init.o)
 .ARM.attributes
                0x000000000000041e       0x2c /usr/bin/../lib/gcc/arm-none-eabi/6.2.1/../../../../arm-none-eabi/lib/thumb/v6-m/libg_nano.a(lib_a-malloc.o)
 .ARM.attributes
                0x000000000000044a       0x2c /usr/bin/../lib/gcc/arm-none-eabi/6.2.1/../../../../arm-none-eabi/lib/thumb/v6-m/libg_nano.a(lib_a-nano-mallocr.o)
 .ARM.attributes
                0x0000000000000476       0x2c /usr/bin/../lib/gcc/arm-none-eabi/6.2.1/../../../../arm-none-eabi/lib/thumb/v6-m/libg_nano.a(lib_a-sbrkr.o)
 .ARM.attributes
                0x00000000000004a2       0x2c /usr/bin/../lib/gcc/arm-none-eabi/6.2.1/../../../../arm-none-eabi/lib/thumb/v6-m/libg_nano.a(lib_a-mlock.o)
 .ARM.attributes
                0x00000000000004ce       0x2c /usr/bin/../lib/gcc/arm-none-eabi/6.2.1/../../../../arm-none-eabi/lib/thumb/v6-m/libg_nano.a(lib_a-reent.o)
 .ARM.attributes
                0x00000000000004fa       0x2c /usr/bin/../lib/gcc/arm-none-eabi/6.2.1/../../../../arm-none-eabi/lib/thumb/v6-m/libnosys.a(sbrk.o)
 .ARM.attributes
                0x0000000000000526       0x1e /usr/bin/../lib/gcc/arm-none-eabi/6.2.1/thumb/v6-m/crtn.o
OUTPUT(main.elf elf32-littlearm)

.debug_info     0x0000000000000000     0x7847
 .debug_info    0x0000000000000000      0xbc3 /tmp/ccXyJNQC.o
 .debug_info    0x0000000000000bc3       0x83 /tmp/ccSk0ROw.o
 .debug_info    0x0000000000000c46      0xdf4 /tmp/cc6ureVq.o
 .debug_info    0x0000000000001a3a      0x271 /tmp/cctHtnhl.o
 .debug_info    0x0000000000001cab       0xe9 /tmp/ccJaD3Mf.o
 .debug_info    0x0000000000001d94      0xba5 /tmp/ccKet7ra.o
 .debug_info    0x0000000000002939      0x386 /tmp/ccmKY1n5.o
 .debug_info    0x0000000000002cbf      0xa31 /tmp/ccB4p3r0.o
 .debug_info    0x00000000000036f0      0x2b5 /tmp/ccgArmPV.o
 .debug_info    0x00000000000039a5      0x372 /tmp/ccIXSMsR.o
 .debug_info    0x0000000000003d17      0xa4d /tmp/ccZVFEJn.o
 .debug_info    0x0000000000004764      0xe6b /tmp/ccWDVKed.o
 .debug_info    0x00000000000055cf     0x1c82 /tmp/ccECjKR9.o
 .debug_info    0x0000000000007251      0x5f6 /tmp/ccPz1vG9.o

.debug_abbrev   0x0000000000000000     0x13f5
 .debug_abbrev  0x0000000000000000      0x24a /tmp/ccXyJNQC.o
 .debug_abbrev  0x000000000000024a       0x12 /tmp/ccSk0ROw.o
 .debug_abbrev  0x000000000000025c      0x232 /tmp/cc6ureVq.o
 .debug_abbrev  0x000000000000048e       0xb1 /tmp/cctHtnhl.o
 .debug_abbrev  0x000000000000053f       0x60 /tmp/ccJaD3Mf.o
 .debug_abbrev  0x000000000000059f      0x247 /tmp/ccKet7ra.o
 .debug_abbrev  0x00000000000007e6      0x123 /tmp/ccmKY1n5.o
 .debug_abbrev  0x0000000000000909      0x1f5 /tmp/ccB4p3r0.o
 .debug_abbrev  0x0000000000000afe      0x124 /tmp/ccgArmPV.o
 .debug_abbrev  0x0000000000000c22      0x140 /tmp/ccIXSMsR.o
 .debug_abbrev  0x0000000000000d62      0x201 /tmp/ccZVFEJn.o
 .debug_abbrev  0x0000000000000f63      0x171 /tmp/ccWDVKed.o
 .debug_abbrev  0x00000000000010d4      0x189 /tmp/ccECjKR9.o
 .debug_abbrev  0x000000000000125d      0x198 /tmp/ccPz1vG9.o

.debug_aranges  0x0000000000000000      0x898
 .debug_aranges
                0x0000000000000000       0x40 /tmp/ccXyJNQC.o
 .debug_aranges
                0x0000000000000040       0x28 /tmp/ccSk0ROw.o
 .debug_aranges
                0x0000000000000068       0x30 /tmp/cc6ureVq.o
 .debug_aranges
                0x0000000000000098       0x20 /tmp/cctHtnhl.o
 .debug_aranges
                0x00000000000000b8       0x40 /tmp/ccJaD3Mf.o
 .debug_aranges
                0x00000000000000f8       0x50 /tmp/ccKet7ra.o
 .debug_aranges
                0x0000000000000148       0x28 /tmp/ccmKY1n5.o
 .debug_aranges
                0x0000000000000170       0x48 /tmp/ccB4p3r0.o
 .debug_aranges
                0x00000000000001b8       0x30 /tmp/ccgArmPV.o
 .debug_aranges
                0x00000000000001e8       0x30 /tmp/ccIXSMsR.o
 .debug_aranges
                0x0000000000000218      0x160 /tmp/ccZVFEJn.o
 .debug_aranges
                0x0000000000000378      0x1a0 /tmp/ccWDVKed.o
 .debug_aranges
                0x0000000000000518      0x300 /tmp/ccECjKR9.o
 .debug_aranges
                0x0000000000000818       0x80 /tmp/ccPz1vG9.o

.debug_ranges   0x0000000000000000      0x7c0
 .debug_ranges  0x0000000000000000       0x30 /tmp/ccXyJNQC.o
 .debug_ranges  0x0000000000000030       0x20 /tmp/ccSk0ROw.o
 .debug_ranges  0x0000000000000050       0x20 /tmp/cc6ureVq.o
 .debug_ranges  0x0000000000000070       0x10 /tmp/cctHtnhl.o
 .debug_ranges  0x0000000000000080       0x30 /tmp/ccJaD3Mf.o
 .debug_ranges  0x00000000000000b0       0x40 /tmp/ccKet7ra.o
 .debug_ranges  0x00000000000000f0       0x18 /tmp/ccmKY1n5.o
 .debug_ranges  0x0000000000000108       0x38 /tmp/ccB4p3r0.o
 .debug_ranges  0x0000000000000140       0x20 /tmp/ccgArmPV.o
 .debug_ranges  0x0000000000000160       0x20 /tmp/ccIXSMsR.o
 .debug_ranges  0x0000000000000180      0x150 /tmp/ccZVFEJn.o
 .debug_ranges  0x00000000000002d0      0x190 /tmp/ccWDVKed.o
 .debug_ranges  0x0000000000000460      0x2f0 /tmp/ccECjKR9.o
 .debug_ranges  0x0000000000000750       0x70 /tmp/ccPz1vG9.o

.debug_line     0x0000000000000000     0x2768
 .debug_line    0x0000000000000000      0x1a8 /tmp/ccXyJNQC.o
 .debug_line    0x00000000000001a8       0x7f /tmp/ccSk0ROw.o
 .debug_line    0x0000000000000227      0x21f /tmp/cc6ureVq.o
 .debug_line    0x0000000000000446       0xcf /tmp/cctHtnhl.o
 .debug_line    0x0000000000000515      0x10e /tmp/ccJaD3Mf.o
 .debug_line    0x0000000000000623      0x20e /tmp/ccKet7ra.o
 .debug_line    0x0000000000000831      0x16c /tmp/ccmKY1n5.o
 .debug_line    0x000000000000099d      0x176 /tmp/ccB4p3r0.o
 .debug_line    0x0000000000000b13      0x134 /tmp/ccgArmPV.o
 .debug_line    0x0000000000000c47      0x250 /tmp/ccIXSMsR.o
 .debug_line    0x0000000000000e97      0x559 /tmp/ccZVFEJn.o
 .debug_line    0x00000000000013f0      0x613 /tmp/ccWDVKed.o
 .debug_line    0x0000000000001a03      0xa6a /tmp/ccECjKR9.o
 .debug_line    0x000000000000246d      0x2fb /tmp/ccPz1vG9.o

.debug_str      0x0000000000000000     0x27b6
 .debug_str     0x0000000000000000      0x61b /tmp/ccXyJNQC.o
                                        0x6b6 (size before relaxing)
 .debug_str     0x000000000000061b      0x3f4 /tmp/cc6ureVq.o
                                        0xa54 (size before relaxing)
 .debug_str     0x0000000000000a0f       0x71 /tmp/cctHtnhl.o
                                        0x262 (size before relaxing)
 .debug_str     0x0000000000000a80       0x5f /tmp/ccJaD3Mf.o
                                        0x1e2 (size before relaxing)
 .debug_str     0x0000000000000adf       0xa0 /tmp/ccKet7ra.o
                                        0x680 (size before relaxing)
 .debug_str     0x0000000000000b7f      0x133 /tmp/ccmKY1n5.o
                                        0x32d (size before relaxing)
 .debug_str     0x0000000000000cb2       0x51 /tmp/ccB4p3r0.o
                                        0x61c (size before relaxing)
 .debug_str     0x0000000000000d03       0x8b /tmp/ccgArmPV.o
                                        0x286 (size before relaxing)
 .debug_str     0x0000000000000d8e      0x158 /tmp/ccIXSMsR.o
                                        0x38a (size before relaxing)
 .debug_str     0x0000000000000ee6      0x593 /tmp/ccZVFEJn.o
                                        0x822 (size before relaxing)
 .debug_str     0x0000000000001479      0x69a /tmp/ccWDVKed.o
                                        0xa20 (size before relaxing)
 .debug_str     0x0000000000001b13      0xae0 /tmp/ccECjKR9.o
                                        0xe72 (size before relaxing)
 .debug_str     0x00000000000025f3      0x1c3 /tmp/ccPz1vG9.o
                                        0x520 (size before relaxing)

.comment        0x0000000000000000       0x6e
 .comment       0x0000000000000000       0x6e /tmp/ccXyJNQC.o
                                         0x6f (size before relaxing)
 .comment       0x000000000000006e       0x6f /tmp/cc6ureVq.o
 .comment       0x000000000000006e       0x6f /tmp/cctHtnhl.o
 .comment       0x000000000000006e       0x6f /tmp/ccJaD3Mf.o
 .comment       0x000000000000006e       0x6f /tmp/ccKet7ra.o
 .comment       0x000000000000006e       0x6f /tmp/ccmKY1n5.o
 .comment       0x000000000000006e       0x6f /tmp/ccB4p3r0.o
 .comment       0x000000000000006e       0x6f /tmp/ccgArmPV.o
 .comment       0x000000000000006e       0x6f /tmp/ccIXSMsR.o
 .comment       0x000000000000006e       0x6f /tmp/ccZVFEJn.o
 .comment       0x000000000000006e       0x6f /tmp/ccWDVKed.o
 .comment       0x000000000000006e       0x6f /tmp/ccECjKR9.o
 .comment       0x000000000000006e       0x6f /tmp/ccPz1vG9.o

.debug_frame    0x0000000000000000     0x1f94
 .debug_frame   0x0000000000000000       0xb0 /tmp/ccXyJNQC.o
 .debug_frame   0x00000000000000b0       0x70 /tmp/cc6ureVq.o
 .debug_frame   0x0000000000000120       0x2c /tmp/cctHtnhl.o
 .debug_frame   0x000000000000014c       0x9c /tmp/ccJaD3Mf.o
 .debug_frame   0x00000000000001e8       0xec /tmp/ccKet7ra.o
 .debug_frame   0x00000000000002d4       0x50 /tmp/ccmKY1n5.o
 .debug_frame   0x0000000000000324       0xd0 /tmp/ccB4p3r0.o
 .debug_frame   0x00000000000003f4       0x68 /tmp/ccgArmPV.o
 .debug_frame   0x000000000000045c       0x70 /tmp/ccIXSMsR.o
 .debug_frame   0x00000000000004cc      0x524 /tmp/ccZVFEJn.o
 .debug_frame   0x00000000000009f0      0x630 /tmp/ccWDVKed.o
 .debug_frame   0x0000000000001020      0xbb0 /tmp/ccECjKR9.o
 .debug_frame   0x0000000000001bd0      0x1b0 /tmp/ccPz1vG9.o
 .debug_frame   0x0000000000001d80       0x20 /usr/bin/../lib/gcc/arm-none-eabi/6.2.1/thumb/v6-m/libgcc.a(_udivsi3.o)
 .debug_frame   0x0000000000001da0       0x3c /usr/bin/../lib/gcc/arm-none-eabi/6.2.1/thumb/v6-m/libgcc.a(adddf3.o)
 .debug_frame   0x0000000000001ddc       0x2c /usr/bin/../lib/gcc/arm-none-eabi/6.2.1/thumb/v6-m/libgcc.a(extendsfdf2.o)
 .debug_frame   0x0000000000001e08       0x30 /usr/bin/../lib/gcc/arm-none-eabi/6.2.1/thumb/v6-m/libgcc.a(truncdfsf2.o)
 .debug_frame   0x0000000000001e38       0x2c /usr/bin/../lib/gcc/arm-none-eabi/6.2.1/../../../../arm-none-eabi/lib/thumb/v6-m/libg_nano.a(lib_a-init.o)
 .debug_frame   0x0000000000001e64       0x40 /usr/bin/../lib/gcc/arm-none-eabi/6.2.1/../../../../arm-none-eabi/lib/thumb/v6-m/libg_nano.a(lib_a-malloc.o)
 .debug_frame   0x0000000000001ea4       0x2c /usr/bin/../lib/gcc/arm-none-eabi/6.2.1/../../../../arm-none-eabi/lib/thumb/v6-m/libg_nano.a(lib_a-nano-mallocr.o)
 .debug_frame   0x0000000000001ed0       0x2c /usr/bin/../lib/gcc/arm-none-eabi/6.2.1/../../../../arm-none-eabi/lib/thumb/v6-m/libg_nano.a(lib_a-sbrkr.o)
 .debug_frame   0x0000000000001efc       0x30 /usr/bin/../lib/gcc/arm-none-eabi/6.2.1/../../../../arm-none-eabi/lib/thumb/v6-m/libg_nano.a(lib_a-mlock.o)
 .debug_frame   0x0000000000001f2c       0x48 /usr/bin/../lib/gcc/arm-none-eabi/6.2.1/../../../../arm-none-eabi/lib/thumb/v6-m/libg_nano.a(lib_a-reent.o)
 .debug_frame   0x0000000000001f74       0x20 /usr/bin/../lib/gcc/arm-none-eabi/6.2.1/../../../../arm-none-eabi/lib/thumb/v6-m/libnosys.a(sbrk.o)
