Archive member included to satisfy reference by file (symbol)

/usr/bin/../lib/gcc/arm-none-eabi/6.2.1/thumb/v6-m/libgcc.a(_udivsi3.o)
                              /tmp/cc6GDG3E.o (__aeabi_uidiv)
/usr/bin/../lib/gcc/arm-none-eabi/6.2.1/thumb/v6-m/libgcc.a(_dvmd_tls.o)
                              /usr/bin/../lib/gcc/arm-none-eabi/6.2.1/thumb/v6-m/libgcc.a(_udivsi3.o) (__aeabi_idiv0)
/usr/bin/../lib/gcc/arm-none-eabi/6.2.1/thumb/v6-m/libgcc.a(adddf3.o)
                              /tmp/ccFpxnko.o (__aeabi_dadd)
/usr/bin/../lib/gcc/arm-none-eabi/6.2.1/thumb/v6-m/libgcc.a(extendsfdf2.o)
                              /tmp/ccFpxnko.o (__aeabi_f2d)
/usr/bin/../lib/gcc/arm-none-eabi/6.2.1/thumb/v6-m/libgcc.a(truncdfsf2.o)
                              /tmp/ccFpxnko.o (__aeabi_d2f)
/usr/bin/../lib/gcc/arm-none-eabi/6.2.1/thumb/v6-m/libgcc.a(_clzsi2.o)
                              /usr/bin/../lib/gcc/arm-none-eabi/6.2.1/thumb/v6-m/libgcc.a(adddf3.o) (__clzsi2)
/usr/bin/../lib/gcc/arm-none-eabi/6.2.1/../../../../arm-none-eabi/lib/thumb/v6-m/libg_nano.a(lib_a-exit.o)
                              /usr/bin/../lib/gcc/arm-none-eabi/6.2.1/../../../../arm-none-eabi/lib/thumb/v6-m/crt0.o (exit)
/usr/bin/../lib/gcc/arm-none-eabi/6.2.1/../../../../arm-none-eabi/lib/thumb/v6-m/libg_nano.a(lib_a-impure.o)
                              /usr/bin/../lib/gcc/arm-none-eabi/6.2.1/../../../../arm-none-eabi/lib/thumb/v6-m/libg_nano.a(lib_a-exit.o) (_global_impure_ptr)
/usr/bin/../lib/gcc/arm-none-eabi/6.2.1/../../../../arm-none-eabi/lib/thumb/v6-m/libg_nano.a(lib_a-init.o)
                              /usr/bin/../lib/gcc/arm-none-eabi/6.2.1/../../../../arm-none-eabi/lib/thumb/v6-m/crt0.o (__libc_init_array)
/usr/bin/../lib/gcc/arm-none-eabi/6.2.1/../../../../arm-none-eabi/lib/thumb/v6-m/libg_nano.a(lib_a-malloc.o)
                              /tmp/ccFMbLDu.o (malloc)
/usr/bin/../lib/gcc/arm-none-eabi/6.2.1/../../../../arm-none-eabi/lib/thumb/v6-m/libg_nano.a(lib_a-memset.o)
                              /usr/bin/../lib/gcc/arm-none-eabi/6.2.1/../../../../arm-none-eabi/lib/thumb/v6-m/crt0.o (memset)
/usr/bin/../lib/gcc/arm-none-eabi/6.2.1/../../../../arm-none-eabi/lib/thumb/v6-m/libg_nano.a(lib_a-nano-freer.o)
                              /usr/bin/../lib/gcc/arm-none-eabi/6.2.1/../../../../arm-none-eabi/lib/thumb/v6-m/libg_nano.a(lib_a-malloc.o) (_free_r)
/usr/bin/../lib/gcc/arm-none-eabi/6.2.1/../../../../arm-none-eabi/lib/thumb/v6-m/libg_nano.a(lib_a-nano-mallocr.o)
                              /usr/bin/../lib/gcc/arm-none-eabi/6.2.1/../../../../arm-none-eabi/lib/thumb/v6-m/libg_nano.a(lib_a-malloc.o) (_malloc_r)
/usr/bin/../lib/gcc/arm-none-eabi/6.2.1/../../../../arm-none-eabi/lib/thumb/v6-m/libg_nano.a(lib_a-sbrkr.o)
                              /usr/bin/../lib/gcc/arm-none-eabi/6.2.1/../../../../arm-none-eabi/lib/thumb/v6-m/libg_nano.a(lib_a-nano-mallocr.o) (_sbrk_r)
/usr/bin/../lib/gcc/arm-none-eabi/6.2.1/../../../../arm-none-eabi/lib/thumb/v6-m/libg_nano.a(lib_a-mlock.o)
                              /usr/bin/../lib/gcc/arm-none-eabi/6.2.1/../../../../arm-none-eabi/lib/thumb/v6-m/libg_nano.a(lib_a-nano-freer.o) (__malloc_lock)
/usr/bin/../lib/gcc/arm-none-eabi/6.2.1/../../../../arm-none-eabi/lib/thumb/v6-m/libg_nano.a(lib_a-reent.o)
                              /usr/bin/../lib/gcc/arm-none-eabi/6.2.1/../../../../arm-none-eabi/lib/thumb/v6-m/libg_nano.a(lib_a-sbrkr.o) (errno)
/usr/bin/../lib/gcc/arm-none-eabi/6.2.1/../../../../arm-none-eabi/lib/thumb/v6-m/libnosys.a(sbrk.o)
                              /usr/bin/../lib/gcc/arm-none-eabi/6.2.1/../../../../arm-none-eabi/lib/thumb/v6-m/libg_nano.a(lib_a-sbrkr.o) (_sbrk)
/usr/bin/../lib/gcc/arm-none-eabi/6.2.1/../../../../arm-none-eabi/lib/thumb/v6-m/libnosys.a(_exit.o)
                              /usr/bin/../lib/gcc/arm-none-eabi/6.2.1/../../../../arm-none-eabi/lib/thumb/v6-m/libg_nano.a(lib_a-exit.o) (_exit)

Allocating common symbols
Common symbol       size              file

errno               0x4               /usr/bin/../lib/gcc/arm-none-eabi/6.2.1/../../../../arm-none-eabi/lib/thumb/v6-m/libg_nano.a(lib_a-reent.o)

Discarded input sections

 .text          0x0000000000000000        0x0 /usr/bin/../lib/gcc/arm-none-eabi/6.2.1/thumb/v6-m/crti.o
 .data          0x0000000000000000        0x0 /usr/bin/../lib/gcc/arm-none-eabi/6.2.1/thumb/v6-m/crti.o
 .bss           0x0000000000000000        0x0 /usr/bin/../lib/gcc/arm-none-eabi/6.2.1/thumb/v6-m/crti.o
 .data          0x0000000000000000        0x4 /usr/bin/../lib/gcc/arm-none-eabi/6.2.1/thumb/v6-m/crtbegin.o
 .text          0x0000000000000000       0x78 /usr/bin/../lib/gcc/arm-none-eabi/6.2.1/../../../../arm-none-eabi/lib/thumb/v6-m/crt0.o
 .data          0x0000000000000000        0x0 /usr/bin/../lib/gcc/arm-none-eabi/6.2.1/../../../../arm-none-eabi/lib/thumb/v6-m/crt0.o
 .bss           0x0000000000000000        0x0 /usr/bin/../lib/gcc/arm-none-eabi/6.2.1/../../../../arm-none-eabi/lib/thumb/v6-m/crt0.o
[...]
Memory Configuration

Name             Origin             Length             Attributes
FLASH            0x0000000008000000 0x0000000000010000 xr
RAM              0x0000000020000000 0x0000000000002000 xrw
*default*        0x0000000000000000 0xffffffffffffffff

Linker script and memory map

LOAD /usr/bin/../lib/gcc/arm-none-eabi/6.2.1/thumb/v6-m/crti.o
LOAD /usr/bin/../lib/gcc/arm-none-eabi/6.2.1/thumb/v6-m/crtbegin.o
LOAD /usr/bin/../lib/gcc/arm-none-eabi/6.2.1/../../../../arm-none-eabi/lib/thumb/v6-m/crt0.o
LOAD /tmp/ccFpxnko.o
LOAD /tmp/cciBgQDx.o
LOAD /tmp/ccrTXk5G.o
LOAD /tmp/ccKP6kDQ.o
LOAD /tmp/cc1ys7k0.o
LOAD /tmp/cc0OyPca.o
LOAD /tmp/ccFtJgnk.o
LOAD /tmp/ccFMbLDu.o
LOAD /tmp/cc6GDG3E.o
LOAD /tmp/ccmoiFAP.o
LOAD /tmp/cc4apWg0.o
LOAD /tmp/ccjl3Xab.o
LOAD /tmp/cc599Jfm.o
LOAD /tmp/ccfioLLx.o
LOAD /tmp/cc7T7xBJ.o
LOAD /tmp/ccqH9qAV.o
LOAD /tmp/cc4Gw3M7.o
LOAD /tmp/ccAC96ik.o
LOAD /tmp/ccPPni1w.o
LOAD /tmp/ccuTXhRJ.o
LOAD /tmp/cc6gp9SW.o
LOAD /tmp/ccv2nuga.o
LOAD /tmp/ccKyi5Qn.o
LOAD /tmp/ccrTXgIB.o
LOAD /tmp/ccKkdmPP.o
LOAD /tmp/ccKqZ1j4.o
LOAD /tmp/ccFbrRZi.o
LOAD /tmp/ccK9KXRx.o
LOAD /tmp/ccPbmNmN.o
LOAD /tmp/ccDLjj52.o
LOAD /tmp/ccGwfm3i.o
LOAD /tmp/ccFrV4iz.o
START GROUP
LOAD /usr/bin/../lib/gcc/arm-none-eabi/6.2.1/thumb/v6-m/libgcc.a
LOAD /usr/bin/../lib/gcc/arm-none-eabi/6.2.1/../../../../arm-none-eabi/lib/thumb/v6-m/libg_nano.a
LOAD /usr/bin/../lib/gcc/arm-none-eabi/6.2.1/../../../../arm-none-eabi/lib/thumb/v6-m/libc_nano.a
END GROUP
START GROUP
LOAD /usr/bin/../lib/gcc/arm-none-eabi/6.2.1/thumb/v6-m/libgcc.a
LOAD /usr/bin/../lib/gcc/arm-none-eabi/6.2.1/../../../../arm-none-eabi/lib/thumb/v6-m/libc_nano.a
LOAD /usr/bin/../lib/gcc/arm-none-eabi/6.2.1/../../../../arm-none-eabi/lib/thumb/v6-m/libnosys.a
END GROUP
START GROUP
LOAD /usr/bin/../lib/gcc/arm-none-eabi/6.2.1/thumb/v6-m/libgcc.a
LOAD /usr/bin/../lib/gcc/arm-none-eabi/6.2.1/../../../../arm-none-eabi/lib/thumb/v6-m/libc_nano.a
LOAD /usr/bin/../lib/gcc/arm-none-eabi/6.2.1/../../../../arm-none-eabi/lib/thumb/v6-m/libnosys.a
END GROUP
LOAD /usr/bin/../lib/gcc/arm-none-eabi/6.2.1/thumb/v6-m/crtend.o
LOAD /usr/bin/../lib/gcc/arm-none-eabi/6.2.1/thumb/v6-m/crtn.o
                0x0000000020002000                _estack = 0x20002000
                0x0000000000000200                _Min_Heap_Size = 0x200
                0x0000000000000400                _Min_Stack_Size = 0x400

.isr_vector     0x0000000008000000       0xc0
                0x0000000008000000                . = ALIGN (0x4)
 *(.isr_vector)
 .isr_vector    0x0000000008000000       0xc0 /tmp/cciBgQDx.o
                0x0000000008000000                g_pfnVectors
                0x00000000080000c0                . = ALIGN (0x4)

.text           0x00000000080000c0     0x2344
                0x00000000080000c0                . = ALIGN (0x4)
 *(.text)
 .text          0x00000000080000c0       0x60 /usr/bin/../lib/gcc/arm-none-eabi/6.2.1/thumb/v6-m/crtbegin.o
 .text          0x0000000008000120      0x114 /usr/bin/../lib/gcc/arm-none-eabi/6.2.1/thumb/v6-m/libgcc.a(_udivsi3.o)
                0x0000000008000120                __udivsi3
                0x0000000008000120                __aeabi_uidiv
                0x000000000800022c                __aeabi_uidivmod
 .text          0x0000000008000234        0x4 /usr/bin/../lib/gcc/arm-none-eabi/6.2.1/thumb/v6-m/libgcc.a(_dvmd_tls.o)
                0x0000000008000234                __aeabi_ldiv0
                0x0000000008000234                __aeabi_idiv0
 .text          0x0000000008000238      0x620 /usr/bin/../lib/gcc/arm-none-eabi/6.2.1/thumb/v6-m/libgcc.a(adddf3.o)
                0x0000000008000238                __aeabi_dadd
 .text          0x0000000008000858       0xa4 /usr/bin/../lib/gcc/arm-none-eabi/6.2.1/thumb/v6-m/libgcc.a(extendsfdf2.o)
                0x0000000008000858                __aeabi_f2d
 .text          0x00000000080008fc      0x114 /usr/bin/../lib/gcc/arm-none-eabi/6.2.1/thumb/v6-m/libgcc.a(truncdfsf2.o)
                0x00000000080008fc                __aeabi_d2f
 .text          0x0000000008000a10       0x3c /usr/bin/../lib/gcc/arm-none-eabi/6.2.1/thumb/v6-m/libgcc.a(_clzsi2.o)
                0x0000000008000a10                __clzsi2
 *(.text*)
 .text.main     0x0000000008000a4c      0x288 /tmp/ccFpxnko.o
                0x0000000008000a4c                main
 .text.sp_tx_send
                0x0000000008000cd4       0x64 /tmp/ccFpxnko.o
                0x0000000008000cd4                sp_tx_send
 .text.sp_handler
                0x0000000008000d38       0x40 /tmp/ccFpxnko.o
                0x0000000008000d38                sp_handler
 .text.sp_error
                0x0000000008000d78       0x14 /tmp/ccFpxnko.o
                0x0000000008000d78                sp_error
 .text.USART1_IRQHandler
                0x0000000008000d8c       0x44 /tmp/ccFpxnko.o
                0x0000000008000d8c                USART1_IRQHandler
 .text.Reset_Handler
                0x0000000008000dd0       0x50 /tmp/cciBgQDx.o
                0x0000000008000dd0                Reset_Handler
 .text.Default_Handler
                0x0000000008000e20        0x2 /tmp/cciBgQDx.o
                0x0000000008000e20                TIM1_CC_IRQHandler
                0x0000000008000e20                TSC_IRQHandler
                0x0000000008000e20                ADC1_COMP_IRQHandler
                0x0000000008000e20                PVD_IRQHandler
                0x0000000008000e20                I2C1_IRQHandler
                0x0000000008000e20                RCC_CRS_IRQHandler
                0x0000000008000e20                SPI1_IRQHandler
                0x0000000008000e20                TIM6_DAC_IRQHandler
                0x0000000008000e20                EXTI2_3_IRQHandler
                0x0000000008000e20                I2C2_IRQHandler
                0x0000000008000e20                TIM17_IRQHandler
                0x0000000008000e20                CEC_CAN_IRQHandler
                0x0000000008000e20                RTC_IRQHandler
                0x0000000008000e20                TIM16_IRQHandler
                0x0000000008000e20                TIM3_IRQHandler
                0x0000000008000e20                EXTI4_15_IRQHandler
                0x0000000008000e20                DMA1_Channel1_IRQHandler
                0x0000000008000e20                Default_Handler
                0x0000000008000e20                TIM14_IRQHandler
                0x0000000008000e20                DMA1_Channel4_5_IRQHandler
                0x0000000008000e20                TIM15_IRQHandler
                0x0000000008000e20                EXTI0_1_IRQHandler
                0x0000000008000e20                SPI2_IRQHandler
                0x0000000008000e20                WWDG_IRQHandler
                0x0000000008000e20                TIM2_IRQHandler
                0x0000000008000e20                DMA1_Channel2_3_IRQHandler
                0x0000000008000e20                USART2_IRQHandler
                0x0000000008000e20                FLASH_IRQHandler
                0x0000000008000e20                TIM1_BRK_UP_TRG_COM_IRQHandler
 *fill*         0x0000000008000e22        0x2 
 .text.usart1_init
                0x0000000008000e24       0x98 /tmp/ccrTXk5G.o
                0x0000000008000e24                usart1_init
 .text.usart1_put
                0x0000000008000ebc       0x38 /tmp/ccrTXk5G.o
                0x0000000008000ebc                usart1_put
 .text.board_led_init
                0x0000000008000ef4       0x3c /tmp/ccKP6kDQ.o
                0x0000000008000ef4                board_led_init
 .text.NMI_Handler
                0x0000000008000f30        0xa /tmp/cc1ys7k0.o
                0x0000000008000f30                NMI_Handler
 .text.HardFault_Handler
                0x0000000008000f3a        0x6 /tmp/cc1ys7k0.o
                0x0000000008000f3a                HardFault_Handler
 .text.SVC_Handler
                0x0000000008000f40        0xa /tmp/cc1ys7k0.o
                0x0000000008000f40                SVC_Handler
 .text.PendSV_Handler
                0x0000000008000f4a        0xa /tmp/cc1ys7k0.o
                0x0000000008000f4a                PendSV_Handler
 .text.SysTick_Handler
                0x0000000008000f54        0xa /tmp/cc1ys7k0.o
                0x0000000008000f54                SysTick_Handler
 *fill*         0x0000000008000f5e        0x2 
 .text.sp_init  0x0000000008000f60       0x40 /tmp/cc0OyPca.o
                0x0000000008000f60                sp_init
 .text.spacket_init
                0x0000000008000fa0       0x2c /tmp/cc0OyPca.o
                0x0000000008000fa0                spacket_init
 .text.put_tx   0x0000000008000fcc       0x60 /tmp/cc0OyPca.o
 .text.sp_encode
                0x000000000800102c      0x12c /tmp/cc0OyPca.o
                0x000000000800102c                sp_encode
 .text.process_rx
                0x0000000008001158       0xfc /tmp/cc0OyPca.o
 .text.put_rx   0x0000000008001254       0x54 /tmp/cc0OyPca.o
 .text.sp_decode
                0x00000000080012a8       0xd0 /tmp/cc0OyPca.o
                0x00000000080012a8                sp_decode
 .text.sp_frx_put
                0x0000000008001378       0x34 /tmp/cc0OyPca.o
                0x0000000008001378                sp_frx_put
 .text.delay_init
                0x00000000080013ac       0x68 /tmp/ccFtJgnk.o
                0x00000000080013ac                delay_init
 .text.delay    0x0000000008001414       0x54 /tmp/ccFtJgnk.o
                0x0000000008001414                delay
 .text.init_fifo
                0x0000000008001468       0x50 /tmp/ccFMbLDu.o
                0x0000000008001468                init_fifo
 .text.write_fifo
                0x00000000080014b8       0x54 /tmp/ccFMbLDu.o
                0x00000000080014b8                write_fifo
 .text.read_fifo
                0x000000000800150c       0x56 /tmp/ccFMbLDu.o
                0x000000000800150c                read_fifo
 .text.is_fifo_full
                0x0000000008001562       0x74 /tmp/ccFMbLDu.o
                0x0000000008001562                is_fifo_full
 *fill*         0x00000000080015d6        0x2 
 .text.SystemInit
                0x00000000080015d8       0x8c /tmp/cc6GDG3E.o
                0x00000000080015d8                SystemInit
 .text.SetSysClock
                0x0000000008001664       0x88 /tmp/cc6GDG3E.o
 .text.NVIC_Init
                0x00000000080016ec       0xac /tmp/ccmoiFAP.o
                0x00000000080016ec                NVIC_Init
 .text.RCC_GetClocksFreq
                0x0000000008001798      0x2e0 /tmp/ccPPni1w.o
                0x0000000008001798                RCC_GetClocksFreq
 .text.RCC_AHBPeriphClockCmd
                0x0000000008001a78       0x40 /tmp/ccPPni1w.o
                0x0000000008001a78                RCC_AHBPeriphClockCmd
 .text.RCC_APB2PeriphClockCmd
                0x0000000008001ab8       0x40 /tmp/ccPPni1w.o
                0x0000000008001ab8                RCC_APB2PeriphClockCmd
 .text.RCC_APB1PeriphClockCmd
                0x0000000008001af8       0x40 /tmp/ccPPni1w.o
                0x0000000008001af8                RCC_APB1PeriphClockCmd
 .text.USART_Init
                0x0000000008001b38      0x18c /tmp/ccKkdmPP.o
                0x0000000008001b38                USART_Init
 .text.USART_StructInit
                0x0000000008001cc4       0x36 /tmp/ccKkdmPP.o
                0x0000000008001cc4                USART_StructInit
 .text.USART_Cmd
                0x0000000008001cfa       0x3a /tmp/ccKkdmPP.o
                0x0000000008001cfa                USART_Cmd
 .text.USART_SendData
                0x0000000008001d34       0x24 /tmp/ccKkdmPP.o
                0x0000000008001d34                USART_SendData
 .text.USART_ReceiveData
                0x0000000008001d58       0x1c /tmp/ccKkdmPP.o
                0x0000000008001d58                USART_ReceiveData
 .text.USART_ITConfig
                0x0000000008001d74       0x84 /tmp/ccKkdmPP.o
                0x0000000008001d74                USART_ITConfig
 .text.USART_GetFlagStatus
                0x0000000008001df8       0x3c /tmp/ccKkdmPP.o
                0x0000000008001df8                USART_GetFlagStatus
 .text.USART_GetITStatus
                0x0000000008001e34       0xae /tmp/ccKkdmPP.o
                0x0000000008001e34                USART_GetITStatus
 .text.USART_ClearITPendingBit
                0x0000000008001ee2       0x30 /tmp/ccKkdmPP.o
                0x0000000008001ee2                USART_ClearITPendingBit
 *fill*         0x0000000008001f12        0x2 
 .text.TIM_TimeBaseInit
                0x0000000008001f14       0xf0 /tmp/ccPbmNmN.o
                0x0000000008001f14                TIM_TimeBaseInit
 .text.TIM_SetAutoreload
                0x0000000008002004       0x18 /tmp/ccPbmNmN.o
                0x0000000008002004                TIM_SetAutoreload
 .text.TIM_Cmd  0x000000000800201c       0x40 /tmp/ccPbmNmN.o
                0x000000000800201c                TIM_Cmd
 .text.TIM_GetFlagStatus
                0x000000000800205c       0x48 /tmp/ccPbmNmN.o
                0x000000000800205c                TIM_GetFlagStatus
 .text.TIM_ClearFlag
                0x00000000080020a4       0x22 /tmp/ccPbmNmN.o
                0x00000000080020a4                TIM_ClearFlag
 .text.GPIO_Init
                0x00000000080020c6      0x126 /tmp/ccGwfm3i.o
                0x00000000080020c6                GPIO_Init
 .text.GPIO_PinAFConfig
                0x00000000080021ec       0xa4 /tmp/ccGwfm3i.o
                0x00000000080021ec                GPIO_PinAFConfig
 .text.__libc_init_array
                0x0000000008002290       0x48 /usr/bin/../lib/gcc/arm-none-eabi/6.2.1/../../../../arm-none-eabi/lib/thumb/v6-m/libg_nano.a(lib_a-init.o)
                0x0000000008002290                __libc_init_array
 .text.malloc   0x00000000080022d8       0x14 /usr/bin/../lib/gcc/arm-none-eabi/6.2.1/../../../../arm-none-eabi/lib/thumb/v6-m/libg_nano.a(lib_a-malloc.o)
                0x00000000080022d8                malloc
 .text._malloc_r
                0x00000000080022ec       0xbc /usr/bin/../lib/gcc/arm-none-eabi/6.2.1/../../../../arm-none-eabi/lib/thumb/v6-m/libg_nano.a(lib_a-nano-mallocr.o)
                0x00000000080022ec                _malloc_r
 .text._sbrk_r  0x00000000080023a8       0x24 /usr/bin/../lib/gcc/arm-none-eabi/6.2.1/../../../../arm-none-eabi/lib/thumb/v6-m/libg_nano.a(lib_a-sbrkr.o)
                0x00000000080023a8                _sbrk_r
 .text.__malloc_lock
                0x00000000080023cc        0x2 /usr/bin/../lib/gcc/arm-none-eabi/6.2.1/../../../../arm-none-eabi/lib/thumb/v6-m/libg_nano.a(lib_a-mlock.o)
                0x00000000080023cc                __malloc_lock
 .text.__malloc_unlock
                0x00000000080023ce        0x2 /usr/bin/../lib/gcc/arm-none-eabi/6.2.1/../../../../arm-none-eabi/lib/thumb/v6-m/libg_nano.a(lib_a-mlock.o)
                0x00000000080023ce                __malloc_unlock
 .text._sbrk    0x00000000080023d0       0x1c /usr/bin/../lib/gcc/arm-none-eabi/6.2.1/../../../../arm-none-eabi/lib/thumb/v6-m/libnosys.a(sbrk.o)
                0x00000000080023d0                _sbrk
 *(.glue_7)
 .glue_7        0x00000000080023ec        0x0 linker stubs
 *(.glue_7t)
 .glue_7t       0x00000000080023ec        0x0 linker stubs
 *(.eh_frame)
 .eh_frame      0x00000000080023ec        0x0 /usr/bin/../lib/gcc/arm-none-eabi/6.2.1/thumb/v6-m/crtbegin.o
 *(.init)
 .init          0x00000000080023ec        0x4 /usr/bin/../lib/gcc/arm-none-eabi/6.2.1/thumb/v6-m/crti.o
                0x00000000080023ec                _init
 .init          0x00000000080023f0        0x8 /usr/bin/../lib/gcc/arm-none-eabi/6.2.1/thumb/v6-m/crtn.o
 *(.fini)
 .fini          0x00000000080023f8        0x4 /usr/bin/../lib/gcc/arm-none-eabi/6.2.1/thumb/v6-m/crti.o
                0x00000000080023f8                _fini
 .fini          0x00000000080023fc        0x8 /usr/bin/../lib/gcc/arm-none-eabi/6.2.1/thumb/v6-m/crtn.o
                0x0000000008002404                . = ALIGN (0x4)
                0x0000000008002404                _etext = .

.vfp11_veneer   0x0000000008002404        0x0
 .vfp11_veneer  0x0000000008002404        0x0 linker stubs

.v4_bx          0x0000000008002404        0x0
 .v4_bx         0x0000000008002404        0x0 linker stubs

.iplt           0x0000000008002404        0x0
 .iplt          0x0000000008002404        0x0 /usr/bin/../lib/gcc/arm-none-eabi/6.2.1/thumb/v6-m/crtbegin.o

.rel.dyn        0x0000000008002404        0x0
 .rel.iplt      0x0000000008002404        0x0 /usr/bin/../lib/gcc/arm-none-eabi/6.2.1/thumb/v6-m/crtbegin.o

.rodata         0x0000000008002404        0x0
                0x0000000008002404                . = ALIGN (0x4)
 *(.rodata)
 *(.rodata*)
                0x0000000008002404                . = ALIGN (0x4)

.ARM.extab
 *(.ARM.extab* .gnu.linkonce.armextab.*)

.ARM            0x0000000008002404        0x0
                0x0000000008002404                __exidx_start = .
 *(.ARM.exidx*)
                0x0000000008002404                __exidx_end = .

.preinit_array  0x0000000008002404        0x0
                0x0000000008002404                PROVIDE (__preinit_array_start, .)
 *(.preinit_array*)
                0x0000000008002404                PROVIDE (__preinit_array_end, .)

.init_array     0x0000000008002404        0x4
                0x0000000008002404                PROVIDE (__init_array_start, .)
 *(SORT(.init_array.*))
 *(.init_array*)
 .init_array    0x0000000008002404        0x4 /usr/bin/../lib/gcc/arm-none-eabi/6.2.1/thumb/v6-m/crtbegin.o
                0x0000000008002408                PROVIDE (__init_array_end, .)

.fini_array     0x0000000008002408        0x4
                [!provide]                        PROVIDE (__fini_array_start, .)
 *(SORT(.fini_array.*))
 *(.fini_array*)
 .fini_array    0x0000000008002408        0x4 /usr/bin/../lib/gcc/arm-none-eabi/6.2.1/thumb/v6-m/crtbegin.o
                [!provide]                        PROVIDE (__fini_array_end, .)
                0x000000000800240c                _sidata = LOADADDR (.data)

.data           0x0000000020000000       0x74 load address 0x000000000800240c
                0x0000000020000000                . = ALIGN (0x4)
                0x0000000020000000                _sdata = .
 *(.data)
 *(.data*)
 .data.APBAHBPrescTable
                0x0000000020000000       0x10 /tmp/ccPPni1w.o
 .data._impure_ptr
                0x0000000020000010        0x4 /usr/bin/../lib/gcc/arm-none-eabi/6.2.1/../../../../arm-none-eabi/lib/thumb/v6-m/libg_nano.a(lib_a-impure.o)
                0x0000000020000010                _impure_ptr
 .data.impure_data
                0x0000000020000014       0x60 /usr/bin/../lib/gcc/arm-none-eabi/6.2.1/../../../../arm-none-eabi/lib/thumb/v6-m/libg_nano.a(lib_a-impure.o)
                0x0000000020000074                . = ALIGN (0x4)
                0x0000000020000074                _edata = .

.jcr            0x0000000020000074        0x0 load address 0x0000000008002480
 .jcr           0x0000000020000074        0x0 /usr/bin/../lib/gcc/arm-none-eabi/6.2.1/thumb/v6-m/crtbegin.o

.igot.plt       0x0000000020000074        0x0 load address 0x0000000008002480
 .igot.plt      0x0000000020000074        0x0 /usr/bin/../lib/gcc/arm-none-eabi/6.2.1/thumb/v6-m/crtbegin.o
                0x0000000020000074                . = ALIGN (0x4)

.bss            0x0000000020000078       0x78 load address 0x0000000008002480
                0x0000000020000078                _sbss = .
                0x0000000020000078                __bss_start__ = _sbss
 *(.bss)
 .bss           0x0000000020000078       0x1c /usr/bin/../lib/gcc/arm-none-eabi/6.2.1/thumb/v6-m/crtbegin.o
 *(.bss*)
 .bss.f         0x0000000020000094        0x4 /tmp/ccFpxnko.o
                0x0000000020000094                f
 .bss.d         0x0000000020000098        0x8 /tmp/ccFpxnko.o
                0x0000000020000098                d
 .bss.sp_reg    0x00000000200000a0        0x1 /tmp/cc0OyPca.o
                0x00000000200000a0                sp_reg
 .bss.txi       0x00000000200000a1        0x1 /tmp/cc0OyPca.o
 *fill*         0x00000000200000a2        0x2 
 .bss.tx        0x00000000200000a4       0x1c /tmp/cc0OyPca.o
 .bss.rx        0x00000000200000c0        0xc /tmp/cc0OyPca.o
 .bss.rxi       0x00000000200000cc        0x1 /tmp/cc0OyPca.o
 *fill*         0x00000000200000cd        0x3 
 .bss.pfrx      0x00000000200000d0        0x4 /tmp/cc0OyPca.o
 .bss.esc_flag  0x00000000200000d4        0x1 /tmp/cc0OyPca.o
                0x00000000200000d4                esc_flag
 *fill*         0x00000000200000d5        0x3 
 .bss.frx.4543  0x00000000200000d8        0x8 /tmp/cc0OyPca.o
 .bss.__malloc_free_list
                0x00000000200000e0        0x4 /usr/bin/../lib/gcc/arm-none-eabi/6.2.1/../../../../arm-none-eabi/lib/thumb/v6-m/libg_nano.a(lib_a-nano-mallocr.o)
                0x00000000200000e0                __malloc_free_list
 .bss.__malloc_sbrk_start
                0x00000000200000e4        0x4 /usr/bin/../lib/gcc/arm-none-eabi/6.2.1/../../../../arm-none-eabi/lib/thumb/v6-m/libg_nano.a(lib_a-nano-mallocr.o)
                0x00000000200000e4                __malloc_sbrk_start
 .bss.heap_end.4116
                0x00000000200000e8        0x4 /usr/bin/../lib/gcc/arm-none-eabi/6.2.1/../../../../arm-none-eabi/lib/thumb/v6-m/libnosys.a(sbrk.o)
 *(COMMON)
 COMMON         0x00000000200000ec        0x4 /usr/bin/../lib/gcc/arm-none-eabi/6.2.1/../../../../arm-none-eabi/lib/thumb/v6-m/libg_nano.a(lib_a-reent.o)
                0x00000000200000ec                errno
                0x00000000200000f0                . = ALIGN (0x4)
                0x00000000200000f0                _ebss = .
                0x00000000200000f0                __bss_end__ = _ebss

._user_heap_stack
                0x00000000200000f0      0x600 load address 0x0000000008002480
                0x00000000200000f0                . = ALIGN (0x4)
                0x00000000200000f0                PROVIDE (end, .)
                [!provide]                        PROVIDE (_end, .)
                0x00000000200002f0                . = (. + _Min_Heap_Size)
 *fill*         0x00000000200000f0      0x200 
                0x00000000200006f0                . = (. + _Min_Stack_Size)
 *fill*         0x00000000200002f0      0x400 
                0x00000000200006f0                . = ALIGN (0x4)

/DISCARD/
 libc.a(*)
 libm.a(*)
 libgcc.a(*)

.ARM.attributes
                0x0000000000000000       0x28
 *(.ARM.attributes)
 .ARM.attributes
                0x0000000000000000       0x1e /usr/bin/../lib/gcc/arm-none-eabi/6.2.1/thumb/v6-m/crti.o
 .ARM.attributes
                0x000000000000001e       0x2c /usr/bin/../lib/gcc/arm-none-eabi/6.2.1/thumb/v6-m/crtbegin.o
 .ARM.attributes
                0x000000000000004a       0x31 /tmp/ccFpxnko.o
 .ARM.attributes
                0x000000000000007b       0x21 /tmp/cciBgQDx.o
 .ARM.attributes
                0x000000000000009c       0x31 /tmp/ccrTXk5G.o
 .ARM.attributes
                0x00000000000000cd       0x31 /tmp/ccKP6kDQ.o
 .ARM.attributes
                0x00000000000000fe       0x31 /tmp/cc1ys7k0.o
 .ARM.attributes
                0x000000000000012f       0x31 /tmp/cc0OyPca.o
 .ARM.attributes
                0x0000000000000160       0x31 /tmp/ccFtJgnk.o
 .ARM.attributes
                0x0000000000000191       0x31 /tmp/ccFMbLDu.o
 .ARM.attributes
                0x00000000000001c2       0x31 /tmp/cc6GDG3E.o
 .ARM.attributes
                0x00000000000001f3       0x31 /tmp/ccmoiFAP.o
 .ARM.attributes
                0x0000000000000224       0x31 /tmp/ccPPni1w.o
 .ARM.attributes
                0x0000000000000255       0x31 /tmp/ccKkdmPP.o
 .ARM.attributes
                0x0000000000000286       0x31 /tmp/ccPbmNmN.o
 .ARM.attributes
                0x00000000000002b7       0x31 /tmp/ccGwfm3i.o
 .ARM.attributes
                0x00000000000002e8       0x1e /usr/bin/../lib/gcc/arm-none-eabi/6.2.1/thumb/v6-m/libgcc.a(_udivsi3.o)
 .ARM.attributes
                0x0000000000000306       0x1e /usr/bin/../lib/gcc/arm-none-eabi/6.2.1/thumb/v6-m/libgcc.a(_dvmd_tls.o)
 .ARM.attributes
                0x0000000000000324       0x2c /usr/bin/../lib/gcc/arm-none-eabi/6.2.1/thumb/v6-m/libgcc.a(adddf3.o)
 .ARM.attributes
                0x0000000000000350       0x2c /usr/bin/../lib/gcc/arm-none-eabi/6.2.1/thumb/v6-m/libgcc.a(extendsfdf2.o)
 .ARM.attributes
                0x000000000000037c       0x2c /usr/bin/../lib/gcc/arm-none-eabi/6.2.1/thumb/v6-m/libgcc.a(truncdfsf2.o)
 .ARM.attributes
                0x00000000000003a8       0x1e /usr/bin/../lib/gcc/arm-none-eabi/6.2.1/thumb/v6-m/libgcc.a(_clzsi2.o)
 .ARM.attributes
                0x00000000000003c6       0x2c /usr/bin/../lib/gcc/arm-none-eabi/6.2.1/../../../../arm-none-eabi/lib/thumb/v6-m/libg_nano.a(lib_a-impure.o)
 .ARM.attributes
                0x00000000000003f2       0x2c /usr/bin/../lib/gcc/arm-none-eabi/6.2.1/../../../../arm-none-eabi/lib/thumb/v6-m/libg_nano.a(lib_a-init.o)
 .ARM.attributes
                0x000000000000041e       0x2c /usr/bin/../lib/gcc/arm-none-eabi/6.2.1/../../../../arm-none-eabi/lib/thumb/v6-m/libg_nano.a(lib_a-malloc.o)
 .ARM.attributes
                0x000000000000044a       0x2c /usr/bin/../lib/gcc/arm-none-eabi/6.2.1/../../../../arm-none-eabi/lib/thumb/v6-m/libg_nano.a(lib_a-nano-mallocr.o)
 .ARM.attributes
                0x0000000000000476       0x2c /usr/bin/../lib/gcc/arm-none-eabi/6.2.1/../../../../arm-none-eabi/lib/thumb/v6-m/libg_nano.a(lib_a-sbrkr.o)
 .ARM.attributes
                0x00000000000004a2       0x2c /usr/bin/../lib/gcc/arm-none-eabi/6.2.1/../../../../arm-none-eabi/lib/thumb/v6-m/libg_nano.a(lib_a-mlock.o)
 .ARM.attributes
                0x00000000000004ce       0x2c /usr/bin/../lib/gcc/arm-none-eabi/6.2.1/../../../../arm-none-eabi/lib/thumb/v6-m/libg_nano.a(lib_a-reent.o)
 .ARM.attributes
                0x00000000000004fa       0x2c /usr/bin/../lib/gcc/arm-none-eabi/6.2.1/../../../../arm-none-eabi/lib/thumb/v6-m/libnosys.a(sbrk.o)
 .ARM.attributes
                0x0000000000000526       0x1e /usr/bin/../lib/gcc/arm-none-eabi/6.2.1/thumb/v6-m/crtn.o
OUTPUT(main.elf elf32-littlearm)

.debug_info     0x0000000000000000     0x7a02
 .debug_info    0x0000000000000000      0xea3 /tmp/ccFpxnko.o
 .debug_info    0x0000000000000ea3       0x73 /tmp/cciBgQDx.o
 .debug_info    0x0000000000000f16      0xcc7 /tmp/ccrTXk5G.o
 .debug_info    0x0000000000001bdd      0x271 /tmp/ccKP6kDQ.o
 .debug_info    0x0000000000001e4e       0xe9 /tmp/cc1ys7k0.o
 .debug_info    0x0000000000001f37      0xbbd /tmp/cc0OyPca.o
 .debug_info    0x0000000000002af4      0x386 /tmp/ccFtJgnk.o
 .debug_info    0x0000000000002e7a      0xa31 /tmp/ccFMbLDu.o
 .debug_info    0x00000000000038ab      0x2b5 /tmp/cc6GDG3E.o
 .debug_info    0x0000000000003b60      0x372 /tmp/ccmoiFAP.o
 .debug_info    0x0000000000003ed2      0xa4d /tmp/ccPPni1w.o
 .debug_info    0x000000000000491f      0xe6b /tmp/ccKkdmPP.o
 .debug_info    0x000000000000578a     0x1c82 /tmp/ccPbmNmN.o
 .debug_info    0x000000000000740c      0x5f6 /tmp/ccGwfm3i.o

.debug_abbrev   0x0000000000000000     0x140d
 .debug_abbrev  0x0000000000000000      0x262 /tmp/ccFpxnko.o
 .debug_abbrev  0x0000000000000262       0x12 /tmp/cciBgQDx.o
 .debug_abbrev  0x0000000000000274      0x218 /tmp/ccrTXk5G.o
 .debug_abbrev  0x000000000000048c       0xb1 /tmp/ccKP6kDQ.o
 .debug_abbrev  0x000000000000053d       0x60 /tmp/cc1ys7k0.o
 .debug_abbrev  0x000000000000059d      0x261 /tmp/cc0OyPca.o
 .debug_abbrev  0x00000000000007fe      0x123 /tmp/ccFtJgnk.o
 .debug_abbrev  0x0000000000000921      0x1f5 /tmp/ccFMbLDu.o
 .debug_abbrev  0x0000000000000b16      0x124 /tmp/cc6GDG3E.o
 .debug_abbrev  0x0000000000000c3a      0x140 /tmp/ccmoiFAP.o
 .debug_abbrev  0x0000000000000d7a      0x201 /tmp/ccPPni1w.o
 .debug_abbrev  0x0000000000000f7b      0x171 /tmp/ccKkdmPP.o
 .debug_abbrev  0x00000000000010ec      0x189 /tmp/ccPbmNmN.o
 .debug_abbrev  0x0000000000001275      0x198 /tmp/ccGwfm3i.o

.debug_aranges  0x0000000000000000      0x8a0
 .debug_aranges
                0x0000000000000000       0x40 /tmp/ccFpxnko.o
 .debug_aranges
                0x0000000000000040       0x28 /tmp/cciBgQDx.o
 .debug_aranges
                0x0000000000000068       0x30 /tmp/ccrTXk5G.o
 .debug_aranges
                0x0000000000000098       0x20 /tmp/ccKP6kDQ.o
 .debug_aranges
                0x00000000000000b8       0x40 /tmp/cc1ys7k0.o
 .debug_aranges
                0x00000000000000f8       0x58 /tmp/cc0OyPca.o
 .debug_aranges
                0x0000000000000150       0x28 /tmp/ccFtJgnk.o
 .debug_aranges
                0x0000000000000178       0x48 /tmp/ccFMbLDu.o
 .debug_aranges
                0x00000000000001c0       0x30 /tmp/cc6GDG3E.o
 .debug_aranges
                0x00000000000001f0       0x30 /tmp/ccmoiFAP.o
 .debug_aranges
                0x0000000000000220      0x160 /tmp/ccPPni1w.o
 .debug_aranges
                0x0000000000000380      0x1a0 /tmp/ccKkdmPP.o
 .debug_aranges
                0x0000000000000520      0x300 /tmp/ccPbmNmN.o
 .debug_aranges
                0x0000000000000820       0x80 /tmp/ccGwfm3i.o

.debug_ranges   0x0000000000000000      0x7c8
 .debug_ranges  0x0000000000000000       0x30 /tmp/ccFpxnko.o
 .debug_ranges  0x0000000000000030       0x20 /tmp/cciBgQDx.o
 .debug_ranges  0x0000000000000050       0x20 /tmp/ccrTXk5G.o
 .debug_ranges  0x0000000000000070       0x10 /tmp/ccKP6kDQ.o
 .debug_ranges  0x0000000000000080       0x30 /tmp/cc1ys7k0.o
 .debug_ranges  0x00000000000000b0       0x48 /tmp/cc0OyPca.o
 .debug_ranges  0x00000000000000f8       0x18 /tmp/ccFtJgnk.o
 .debug_ranges  0x0000000000000110       0x38 /tmp/ccFMbLDu.o
 .debug_ranges  0x0000000000000148       0x20 /tmp/cc6GDG3E.o
 .debug_ranges  0x0000000000000168       0x20 /tmp/ccmoiFAP.o
 .debug_ranges  0x0000000000000188      0x150 /tmp/ccPPni1w.o
 .debug_ranges  0x00000000000002d8      0x190 /tmp/ccKkdmPP.o
 .debug_ranges  0x0000000000000468      0x2f0 /tmp/ccPbmNmN.o
 .debug_ranges  0x0000000000000758       0x70 /tmp/ccGwfm3i.o

.debug_line     0x0000000000000000     0x2844
 .debug_line    0x0000000000000000      0x293 /tmp/ccFpxnko.o
 .debug_line    0x0000000000000293       0x7f /tmp/cciBgQDx.o
 .debug_line    0x0000000000000312      0x206 /tmp/ccrTXk5G.o
 .debug_line    0x0000000000000518       0xcf /tmp/ccKP6kDQ.o
 .debug_line    0x00000000000005e7      0x10e /tmp/cc1ys7k0.o
 .debug_line    0x00000000000006f5      0x218 /tmp/cc0OyPca.o
 .debug_line    0x000000000000090d      0x16c /tmp/ccFtJgnk.o
 .debug_line    0x0000000000000a79      0x176 /tmp/ccFMbLDu.o
 .debug_line    0x0000000000000bef      0x134 /tmp/cc6GDG3E.o
 .debug_line    0x0000000000000d23      0x250 /tmp/ccmoiFAP.o
 .debug_line    0x0000000000000f73      0x559 /tmp/ccPPni1w.o
 .debug_line    0x00000000000014cc      0x613 /tmp/ccKkdmPP.o
 .debug_line    0x0000000000001adf      0xa6a /tmp/ccPbmNmN.o
 .debug_line    0x0000000000002549      0x2fb /tmp/ccGwfm3i.o

.debug_str      0x0000000000000000     0x27f7
 .debug_str     0x0000000000000000      0x88a /tmp/ccFpxnko.o
                                        0x955 (size before relaxing)
 .debug_str     0x000000000000088a      0x1db /tmp/ccrTXk5G.o
                                        0x835 (size before relaxing)
 .debug_str     0x0000000000000a65       0x71 /tmp/ccKP6kDQ.o
                                        0x252 (size before relaxing)
 .debug_str     0x0000000000000ad6       0x5f /tmp/cc1ys7k0.o
                                        0x1d2 (size before relaxing)
 .debug_str     0x0000000000000b35       0x95 /tmp/cc0OyPca.o
                                        0x66f (size before relaxing)
 .debug_str     0x0000000000000bca      0x133 /tmp/ccFtJgnk.o
                                        0x31d (size before relaxing)
 .debug_str     0x0000000000000cfd       0x47 /tmp/ccFMbLDu.o
                                        0x60c (size before relaxing)
 .debug_str     0x0000000000000d44       0x8b /tmp/cc6GDG3E.o
                                        0x276 (size before relaxing)
 .debug_str     0x0000000000000dcf      0x158 /tmp/ccmoiFAP.o
                                        0x37a (size before relaxing)
 .debug_str     0x0000000000000f27      0x593 /tmp/ccPPni1w.o
                                        0x812 (size before relaxing)
 .debug_str     0x00000000000014ba      0x69a /tmp/ccKkdmPP.o
                                        0xa10 (size before relaxing)
 .debug_str     0x0000000000001b54      0xae0 /tmp/ccPbmNmN.o
                                        0xe62 (size before relaxing)
 .debug_str     0x0000000000002634      0x1c3 /tmp/ccGwfm3i.o
                                        0x510 (size before relaxing)

.comment        0x0000000000000000       0x6e
 .comment       0x0000000000000000       0x6e /tmp/ccFpxnko.o
                                         0x6f (size before relaxing)
 .comment       0x000000000000006e       0x6f /tmp/ccrTXk5G.o
 .comment       0x000000000000006e       0x6f /tmp/ccKP6kDQ.o
 .comment       0x000000000000006e       0x6f /tmp/cc1ys7k0.o
 .comment       0x000000000000006e       0x6f /tmp/cc0OyPca.o
 .comment       0x000000000000006e       0x6f /tmp/ccFtJgnk.o
 .comment       0x000000000000006e       0x6f /tmp/ccFMbLDu.o
 .comment       0x000000000000006e       0x6f /tmp/cc6GDG3E.o
 .comment       0x000000000000006e       0x6f /tmp/ccmoiFAP.o
 .comment       0x000000000000006e       0x6f /tmp/ccPPni1w.o
 .comment       0x000000000000006e       0x6f /tmp/ccKkdmPP.o
 .comment       0x000000000000006e       0x6f /tmp/ccPbmNmN.o
 .comment       0x000000000000006e       0x6f /tmp/ccGwfm3i.o

.debug_frame    0x0000000000000000     0x1fb0
 .debug_frame   0x0000000000000000       0xac /tmp/ccFpxnko.o
 .debug_frame   0x00000000000000ac       0x70 /tmp/ccrTXk5G.o
 .debug_frame   0x000000000000011c       0x2c /tmp/ccKP6kDQ.o
 .debug_frame   0x0000000000000148       0x9c /tmp/cc1ys7k0.o
 .debug_frame   0x00000000000001e4      0x10c /tmp/cc0OyPca.o
 .debug_frame   0x00000000000002f0       0x50 /tmp/ccFtJgnk.o
 .debug_frame   0x0000000000000340       0xd0 /tmp/ccFMbLDu.o
 .debug_frame   0x0000000000000410       0x68 /tmp/cc6GDG3E.o
 .debug_frame   0x0000000000000478       0x70 /tmp/ccmoiFAP.o
 .debug_frame   0x00000000000004e8      0x524 /tmp/ccPPni1w.o
 .debug_frame   0x0000000000000a0c      0x630 /tmp/ccKkdmPP.o
 .debug_frame   0x000000000000103c      0xbb0 /tmp/ccPbmNmN.o
 .debug_frame   0x0000000000001bec      0x1b0 /tmp/ccGwfm3i.o
 .debug_frame   0x0000000000001d9c       0x20 /usr/bin/../lib/gcc/arm-none-eabi/6.2.1/thumb/v6-m/libgcc.a(_udivsi3.o)
 .debug_frame   0x0000000000001dbc       0x3c /usr/bin/../lib/gcc/arm-none-eabi/6.2.1/thumb/v6-m/libgcc.a(adddf3.o)
 .debug_frame   0x0000000000001df8       0x2c /usr/bin/../lib/gcc/arm-none-eabi/6.2.1/thumb/v6-m/libgcc.a(extendsfdf2.o)
 .debug_frame   0x0000000000001e24       0x30 /usr/bin/../lib/gcc/arm-none-eabi/6.2.1/thumb/v6-m/libgcc.a(truncdfsf2.o)
 .debug_frame   0x0000000000001e54       0x2c /usr/bin/../lib/gcc/arm-none-eabi/6.2.1/../../../../arm-none-eabi/lib/thumb/v6-m/libg_nano.a(lib_a-init.o)
 .debug_frame   0x0000000000001e80       0x40 /usr/bin/../lib/gcc/arm-none-eabi/6.2.1/../../../../arm-none-eabi/lib/thumb/v6-m/libg_nano.a(lib_a-malloc.o)
 .debug_frame   0x0000000000001ec0       0x2c /usr/bin/../lib/gcc/arm-none-eabi/6.2.1/../../../../arm-none-eabi/lib/thumb/v6-m/libg_nano.a(lib_a-nano-mallocr.o)
 .debug_frame   0x0000000000001eec       0x2c /usr/bin/../lib/gcc/arm-none-eabi/6.2.1/../../../../arm-none-eabi/lib/thumb/v6-m/libg_nano.a(lib_a-sbrkr.o)
 .debug_frame   0x0000000000001f18       0x30 /usr/bin/../lib/gcc/arm-none-eabi/6.2.1/../../../../arm-none-eabi/lib/thumb/v6-m/libg_nano.a(lib_a-mlock.o)
 .debug_frame   0x0000000000001f48       0x48 /usr/bin/../lib/gcc/arm-none-eabi/6.2.1/../../../../arm-none-eabi/lib/thumb/v6-m/libg_nano.a(lib_a-reent.o)
 .debug_frame   0x0000000000001f90       0x20 /usr/bin/../lib/gcc/arm-none-eabi/6.2.1/../../../../arm-none-eabi/lib/thumb/v6-m/libnosys.a(sbrk.o)
